Archive member included to satisfy reference by file (symbol)

c:/trung main/231/microprocessor and microcontroller/lab/stm32cubeide_1.7.0/stm32cubeide/plugins/com.st.stm32cube.ide.mcu.externaltools.gnu-tools-for-stm32.9-2020-q2-update.win32_2.0.0.202105311346/tools/bin/../lib/gcc/arm-none-eabi/9.3.1/../../../../arm-none-eabi/lib/thumb/v7-m/nofp\libc_nano.a(lib_a-errno.o)
                              ./Core/Src/syscalls.o (__errno)
c:/trung main/231/microprocessor and microcontroller/lab/stm32cubeide_1.7.0/stm32cubeide/plugins/com.st.stm32cube.ide.mcu.externaltools.gnu-tools-for-stm32.9-2020-q2-update.win32_2.0.0.202105311346/tools/bin/../lib/gcc/arm-none-eabi/9.3.1/../../../../arm-none-eabi/lib/thumb/v7-m/nofp\libc_nano.a(lib_a-exit.o)
                              c:/trung main/231/microprocessor and microcontroller/lab/stm32cubeide_1.7.0/stm32cubeide/plugins/com.st.stm32cube.ide.mcu.externaltools.gnu-tools-for-stm32.9-2020-q2-update.win32_2.0.0.202105311346/tools/bin/../lib/gcc/arm-none-eabi/9.3.1/../../../../arm-none-eabi/lib/thumb/v7-m/nofp/crt0.o (exit)
c:/trung main/231/microprocessor and microcontroller/lab/stm32cubeide_1.7.0/stm32cubeide/plugins/com.st.stm32cube.ide.mcu.externaltools.gnu-tools-for-stm32.9-2020-q2-update.win32_2.0.0.202105311346/tools/bin/../lib/gcc/arm-none-eabi/9.3.1/../../../../arm-none-eabi/lib/thumb/v7-m/nofp\libc_nano.a(lib_a-impure.o)
                              c:/trung main/231/microprocessor and microcontroller/lab/stm32cubeide_1.7.0/stm32cubeide/plugins/com.st.stm32cube.ide.mcu.externaltools.gnu-tools-for-stm32.9-2020-q2-update.win32_2.0.0.202105311346/tools/bin/../lib/gcc/arm-none-eabi/9.3.1/../../../../arm-none-eabi/lib/thumb/v7-m/nofp\libc_nano.a(lib_a-exit.o) (_global_impure_ptr)
c:/trung main/231/microprocessor and microcontroller/lab/stm32cubeide_1.7.0/stm32cubeide/plugins/com.st.stm32cube.ide.mcu.externaltools.gnu-tools-for-stm32.9-2020-q2-update.win32_2.0.0.202105311346/tools/bin/../lib/gcc/arm-none-eabi/9.3.1/../../../../arm-none-eabi/lib/thumb/v7-m/nofp\libc_nano.a(lib_a-init.o)
                              c:/trung main/231/microprocessor and microcontroller/lab/stm32cubeide_1.7.0/stm32cubeide/plugins/com.st.stm32cube.ide.mcu.externaltools.gnu-tools-for-stm32.9-2020-q2-update.win32_2.0.0.202105311346/tools/bin/../lib/gcc/arm-none-eabi/9.3.1/../../../../arm-none-eabi/lib/thumb/v7-m/nofp/crt0.o (__libc_init_array)
c:/trung main/231/microprocessor and microcontroller/lab/stm32cubeide_1.7.0/stm32cubeide/plugins/com.st.stm32cube.ide.mcu.externaltools.gnu-tools-for-stm32.9-2020-q2-update.win32_2.0.0.202105311346/tools/bin/../lib/gcc/arm-none-eabi/9.3.1/../../../../arm-none-eabi/lib/thumb/v7-m/nofp\libc_nano.a(lib_a-memset.o)
                              c:/trung main/231/microprocessor and microcontroller/lab/stm32cubeide_1.7.0/stm32cubeide/plugins/com.st.stm32cube.ide.mcu.externaltools.gnu-tools-for-stm32.9-2020-q2-update.win32_2.0.0.202105311346/tools/bin/../lib/gcc/arm-none-eabi/9.3.1/../../../../arm-none-eabi/lib/thumb/v7-m/nofp/crt0.o (memset)

Allocating common symbols
Common symbol       size              file

time_buzzer         0x4               ./Core/Src/myLib.o
uwTick              0x4               ./Drivers/STM32F1xx_HAL_Driver/Src/stm32f1xx_hal.o
pFlash              0x20              ./Drivers/STM32F1xx_HAL_Driver/Src/stm32f1xx_hal_flash.o
htim3               0x48              ./Core/Src/main.o
htim2               0x48              ./Core/Src/main.o

Discarded input sections

 .text          0x0000000000000000        0x0 c:/trung main/231/microprocessor and microcontroller/lab/stm32cubeide_1.7.0/stm32cubeide/plugins/com.st.stm32cube.ide.mcu.externaltools.gnu-tools-for-stm32.9-2020-q2-update.win32_2.0.0.202105311346/tools/bin/../lib/gcc/arm-none-eabi/9.3.1/thumb/v7-m/nofp/crti.o
 .data          0x0000000000000000        0x0 c:/trung main/231/microprocessor and microcontroller/lab/stm32cubeide_1.7.0/stm32cubeide/plugins/com.st.stm32cube.ide.mcu.externaltools.gnu-tools-for-stm32.9-2020-q2-update.win32_2.0.0.202105311346/tools/bin/../lib/gcc/arm-none-eabi/9.3.1/thumb/v7-m/nofp/crti.o
 .bss           0x0000000000000000        0x0 c:/trung main/231/microprocessor and microcontroller/lab/stm32cubeide_1.7.0/stm32cubeide/plugins/com.st.stm32cube.ide.mcu.externaltools.gnu-tools-for-stm32.9-2020-q2-update.win32_2.0.0.202105311346/tools/bin/../lib/gcc/arm-none-eabi/9.3.1/thumb/v7-m/nofp/crti.o
 .data          0x0000000000000000        0x4 c:/trung main/231/microprocessor and microcontroller/lab/stm32cubeide_1.7.0/stm32cubeide/plugins/com.st.stm32cube.ide.mcu.externaltools.gnu-tools-for-stm32.9-2020-q2-update.win32_2.0.0.202105311346/tools/bin/../lib/gcc/arm-none-eabi/9.3.1/thumb/v7-m/nofp/crtbegin.o
[...]
Memory Configuration

Name             Origin             Length             Attributes
RAM              0x0000000020000000 0x0000000000005000 xrw
FLASH            0x0000000008000000 0x0000000000020000 xr
*default*        0x0000000000000000 0xffffffffffffffff

Linker script and memory map

LOAD c:/trung main/231/microprocessor and microcontroller/lab/stm32cubeide_1.7.0/stm32cubeide/plugins/com.st.stm32cube.ide.mcu.externaltools.gnu-tools-for-stm32.9-2020-q2-update.win32_2.0.0.202105311346/tools/bin/../lib/gcc/arm-none-eabi/9.3.1/thumb/v7-m/nofp/crti.o
LOAD c:/trung main/231/microprocessor and microcontroller/lab/stm32cubeide_1.7.0/stm32cubeide/plugins/com.st.stm32cube.ide.mcu.externaltools.gnu-tools-for-stm32.9-2020-q2-update.win32_2.0.0.202105311346/tools/bin/../lib/gcc/arm-none-eabi/9.3.1/thumb/v7-m/nofp/crtbegin.o
LOAD c:/trung main/231/microprocessor and microcontroller/lab/stm32cubeide_1.7.0/stm32cubeide/plugins/com.st.stm32cube.ide.mcu.externaltools.gnu-tools-for-stm32.9-2020-q2-update.win32_2.0.0.202105311346/tools/bin/../lib/gcc/arm-none-eabi/9.3.1/../../../../arm-none-eabi/lib/thumb/v7-m/nofp/crt0.o
LOAD ./Core/Src/button.o
LOAD ./Core/Src/fsm_automatic.o
LOAD ./Core/Src/fsm_pedestrian.o
LOAD ./Core/Src/fsm_tuning.o
LOAD ./Core/Src/global.o
LOAD ./Core/Src/main.o
LOAD ./Core/Src/myLib.o
LOAD ./Core/Src/software_timer.o
LOAD ./Core/Src/stm32f1xx_hal_msp.o
LOAD ./Core/Src/stm32f1xx_it.o
LOAD ./Core/Src/syscalls.o
LOAD ./Core/Src/sysmem.o
LOAD ./Core/Src/system_stm32f1xx.o
LOAD ./Core/Startup/startup_stm32f103rbtx.o
LOAD ./Drivers/STM32F1xx_HAL_Driver/Src/stm32f1xx_hal.o
LOAD ./Drivers/STM32F1xx_HAL_Driver/Src/stm32f1xx_hal_cortex.o
LOAD ./Drivers/STM32F1xx_HAL_Driver/Src/stm32f1xx_hal_dma.o
LOAD ./Drivers/STM32F1xx_HAL_Driver/Src/stm32f1xx_hal_exti.o
LOAD ./Drivers/STM32F1xx_HAL_Driver/Src/stm32f1xx_hal_flash.o
LOAD ./Drivers/STM32F1xx_HAL_Driver/Src/stm32f1xx_hal_flash_ex.o
LOAD ./Drivers/STM32F1xx_HAL_Driver/Src/stm32f1xx_hal_gpio.o
LOAD ./Drivers/STM32F1xx_HAL_Driver/Src/stm32f1xx_hal_gpio_ex.o
LOAD ./Drivers/STM32F1xx_HAL_Driver/Src/stm32f1xx_hal_pwr.o
LOAD ./Drivers/STM32F1xx_HAL_Driver/Src/stm32f1xx_hal_rcc.o
LOAD ./Drivers/STM32F1xx_HAL_Driver/Src/stm32f1xx_hal_rcc_ex.o
LOAD ./Drivers/STM32F1xx_HAL_Driver/Src/stm32f1xx_hal_tim.o
LOAD ./Drivers/STM32F1xx_HAL_Driver/Src/stm32f1xx_hal_tim_ex.o
START GROUP
LOAD c:/trung main/231/microprocessor and microcontroller/lab/stm32cubeide_1.7.0/stm32cubeide/plugins/com.st.stm32cube.ide.mcu.externaltools.gnu-tools-for-stm32.9-2020-q2-update.win32_2.0.0.202105311346/tools/bin/../lib/gcc/arm-none-eabi/9.3.1/../../../../arm-none-eabi/lib/thumb/v7-m/nofp\libc_nano.a
LOAD c:/trung main/231/microprocessor and microcontroller/lab/stm32cubeide_1.7.0/stm32cubeide/plugins/com.st.stm32cube.ide.mcu.externaltools.gnu-tools-for-stm32.9-2020-q2-update.win32_2.0.0.202105311346/tools/bin/../lib/gcc/arm-none-eabi/9.3.1/../../../../arm-none-eabi/lib/thumb/v7-m/nofp\libm.a
END GROUP
START GROUP
LOAD c:/trung main/231/microprocessor and microcontroller/lab/stm32cubeide_1.7.0/stm32cubeide/plugins/com.st.stm32cube.ide.mcu.externaltools.gnu-tools-for-stm32.9-2020-q2-update.win32_2.0.0.202105311346/tools/bin/../lib/gcc/arm-none-eabi/9.3.1/thumb/v7-m/nofp\libgcc.a
LOAD c:/trung main/231/microprocessor and microcontroller/lab/stm32cubeide_1.7.0/stm32cubeide/plugins/com.st.stm32cube.ide.mcu.externaltools.gnu-tools-for-stm32.9-2020-q2-update.win32_2.0.0.202105311346/tools/bin/../lib/gcc/arm-none-eabi/9.3.1/../../../../arm-none-eabi/lib/thumb/v7-m/nofp\libc_nano.a
END GROUP
START GROUP
LOAD c:/trung main/231/microprocessor and microcontroller/lab/stm32cubeide_1.7.0/stm32cubeide/plugins/com.st.stm32cube.ide.mcu.externaltools.gnu-tools-for-stm32.9-2020-q2-update.win32_2.0.0.202105311346/tools/bin/../lib/gcc/arm-none-eabi/9.3.1/thumb/v7-m/nofp\libgcc.a
LOAD c:/trung main/231/microprocessor and microcontroller/lab/stm32cubeide_1.7.0/stm32cubeide/plugins/com.st.stm32cube.ide.mcu.externaltools.gnu-tools-for-stm32.9-2020-q2-update.win32_2.0.0.202105311346/tools/bin/../lib/gcc/arm-none-eabi/9.3.1/../../../../arm-none-eabi/lib/thumb/v7-m/nofp\libc_nano.a
LOAD c:/trung main/231/microprocessor and microcontroller/lab/stm32cubeide_1.7.0/stm32cubeide/plugins/com.st.stm32cube.ide.mcu.externaltools.gnu-tools-for-stm32.9-2020-q2-update.win32_2.0.0.202105311346/tools/bin/../lib/gcc/arm-none-eabi/9.3.1/../../../../arm-none-eabi/lib/thumb/v7-m/nofp\libnosys.a
END GROUP
START GROUP
LOAD c:/trung main/231/microprocessor and microcontroller/lab/stm32cubeide_1.7.0/stm32cubeide/plugins/com.st.stm32cube.ide.mcu.externaltools.gnu-tools-for-stm32.9-2020-q2-update.win32_2.0.0.202105311346/tools/bin/../lib/gcc/arm-none-eabi/9.3.1/thumb/v7-m/nofp\libgcc.a
LOAD c:/trung main/231/microprocessor and microcontroller/lab/stm32cubeide_1.7.0/stm32cubeide/plugins/com.st.stm32cube.ide.mcu.externaltools.gnu-tools-for-stm32.9-2020-q2-update.win32_2.0.0.202105311346/tools/bin/../lib/gcc/arm-none-eabi/9.3.1/../../../../arm-none-eabi/lib/thumb/v7-m/nofp\libc_nano.a
LOAD c:/trung main/231/microprocessor and microcontroller/lab/stm32cubeide_1.7.0/stm32cubeide/plugins/com.st.stm32cube.ide.mcu.externaltools.gnu-tools-for-stm32.9-2020-q2-update.win32_2.0.0.202105311346/tools/bin/../lib/gcc/arm-none-eabi/9.3.1/../../../../arm-none-eabi/lib/thumb/v7-m/nofp\libnosys.a
END GROUP
LOAD c:/trung main/231/microprocessor and microcontroller/lab/stm32cubeide_1.7.0/stm32cubeide/plugins/com.st.stm32cube.ide.mcu.externaltools.gnu-tools-for-stm32.9-2020-q2-update.win32_2.0.0.202105311346/tools/bin/../lib/gcc/arm-none-eabi/9.3.1/thumb/v7-m/nofp/crtend.o
LOAD c:/trung main/231/microprocessor and microcontroller/lab/stm32cubeide_1.7.0/stm32cubeide/plugins/com.st.stm32cube.ide.mcu.externaltools.gnu-tools-for-stm32.9-2020-q2-update.win32_2.0.0.202105311346/tools/bin/../lib/gcc/arm-none-eabi/9.3.1/thumb/v7-m/nofp/crtn.o
                0x0000000020005000                _estack = (ORIGIN (RAM) + LENGTH (RAM))
                0x0000000000000200                _Min_Heap_Size = 0x200
                0x0000000000000400                _Min_Stack_Size = 0x400

.isr_vector     0x0000000008000000      0x10c
                0x0000000008000000                . = ALIGN (0x4)
 *(.isr_vector)
 .isr_vector    0x0000000008000000      0x10c ./Core/Startup/startup_stm32f103rbtx.o
                0x0000000008000000                g_pfnVectors
                0x000000000800010c                . = ALIGN (0x4)

.text           0x000000000800010c     0x2b94
                0x000000000800010c                . = ALIGN (0x4)
 *(.text)
 .text          0x000000000800010c       0x40 c:/trung main/231/microprocessor and microcontroller/lab/stm32cubeide_1.7.0/stm32cubeide/plugins/com.st.stm32cube.ide.mcu.externaltools.gnu-tools-for-stm32.9-2020-q2-update.win32_2.0.0.202105311346/tools/bin/../lib/gcc/arm-none-eabi/9.3.1/thumb/v7-m/nofp/crtbegin.o
 *(.text*)
 .text.isButtonPressed
                0x000000000800014c       0x34 ./Core/Src/button.o
                0x000000000800014c                isButtonPressed
 .text.subKeyProcess
                0x0000000008000180       0x20 ./Core/Src/button.o
                0x0000000008000180                subKeyProcess
 .text.getKeyInput
                0x00000000080001a0      0x100 ./Core/Src/button.o
                0x00000000080001a0                getKeyInput
 .text.redGreenLed
                0x00000000080002a0       0x10 ./Core/Src/fsm_automatic.o
                0x00000000080002a0                redGreenLed
 .text.redAmberLed
                0x00000000080002b0       0x10 ./Core/Src/fsm_automatic.o
                0x00000000080002b0                redAmberLed
 .text.greenRedLed
                0x00000000080002c0       0x10 ./Core/Src/fsm_automatic.o
                0x00000000080002c0                greenRedLed
 .text.amberRedLed
                0x00000000080002d0       0x10 ./Core/Src/fsm_automatic.o
                0x00000000080002d0                amberRedLed
 .text.countDown
                0x00000000080002e0       0x60 ./Core/Src/fsm_automatic.o
                0x00000000080002e0                countDown
 .text.fsm_automatic_run
                0x0000000008000340      0x1e0 ./Core/Src/fsm_automatic.o
                0x0000000008000340                fsm_automatic_run
 .text.fsm_pedestrian
                0x0000000008000520      0x174 ./Core/Src/fsm_pedestrian.o
                0x0000000008000520                fsm_pedestrian
 .text.main     0x0000000008000694       0x38 ./Core/Src/main.o
                0x0000000008000694                main
 .text.SystemClock_Config
                0x00000000080006cc       0x82 ./Core/Src/main.o
                0x00000000080006cc                SystemClock_Config
 *fill*         0x000000000800074e        0x2 
 .text.MX_TIM2_Init
                0x0000000008000750       0xa0 ./Core/Src/main.o
 .text.MX_TIM3_Init
                0x00000000080007f0       0xec ./Core/Src/main.o
 .text.MX_GPIO_Init
                0x00000000080008dc       0xdc ./Core/Src/main.o
 .text.HAL_TIM_PeriodElapsedCallback
                0x00000000080009b8       0x2c ./Core/Src/main.o
                0x00000000080009b8                HAL_TIM_PeriodElapsedCallback
 .text.Error_Handler
                0x00000000080009e4        0xa ./Core/Src/main.o
                0x00000000080009e4                Error_Handler
 *fill*         0x00000000080009ee        0x2 
 .text.clearTrafficLight
                0x00000000080009f0       0x3c ./Core/Src/myLib.o
                0x00000000080009f0                clearTrafficLight
 .text.onAmber1
                0x0000000008000a2c       0x28 ./Core/Src/myLib.o
                0x0000000008000a2c                onAmber1
 .text.onRed1   0x0000000008000a54       0x28 ./Core/Src/myLib.o
                0x0000000008000a54                onRed1
 .text.onGreen1
                0x0000000008000a7c       0x28 ./Core/Src/myLib.o
                0x0000000008000a7c                onGreen1
 .text.onAmber2
                0x0000000008000aa4       0x20 ./Core/Src/myLib.o
                0x0000000008000aa4                onAmber2
 .text.onRed2   0x0000000008000ac4       0x20 ./Core/Src/myLib.o
                0x0000000008000ac4                onRed2
 .text.onGreen2
                0x0000000008000ae4       0x20 ./Core/Src/myLib.o
                0x0000000008000ae4                onGreen2
 .text.onAmberPedes
                0x0000000008000b04       0x28 ./Core/Src/myLib.o
                0x0000000008000b04                onAmberPedes
 .text.onGreenPedes
                0x0000000008000b2c       0x28 ./Core/Src/myLib.o
                0x0000000008000b2c                onGreenPedes
 .text.onRedPedes
                0x0000000008000b54       0x28 ./Core/Src/myLib.o
                0x0000000008000b54                onRedPedes
 .text.clearPedesLed
                0x0000000008000b7c       0x28 ./Core/Src/myLib.o
                0x0000000008000b7c                clearPedesLed
 .text.buzzer_on
                0x0000000008000ba4       0xe0 ./Core/Src/myLib.o
                0x0000000008000ba4                buzzer_on
 .text.buzzer_off
                0x0000000008000c84       0x18 ./Core/Src/myLib.o
                0x0000000008000c84                buzzer_off
 .text.setTimer
                0x0000000008000c9c       0x34 ./Core/Src/software_timer.o
                0x0000000008000c9c                setTimer
 .text.timerRun
                0x0000000008000cd0       0x50 ./Core/Src/software_timer.o
                0x0000000008000cd0                timerRun
 .text.timer_run
                0x0000000008000d20       0x2c ./Core/Src/software_timer.o
                0x0000000008000d20                timer_run
 .text.HAL_MspInit
                0x0000000008000d4c       0x64 ./Core/Src/stm32f1xx_hal_msp.o
                0x0000000008000d4c                HAL_MspInit
 .text.HAL_TIM_Base_MspInit
                0x0000000008000db0       0x80 ./Core/Src/stm32f1xx_hal_msp.o
                0x0000000008000db0                HAL_TIM_Base_MspInit
 .text.HAL_TIM_MspPostInit
                0x0000000008000e30       0x64 ./Core/Src/stm32f1xx_hal_msp.o
                0x0000000008000e30                HAL_TIM_MspPostInit
 .text.NMI_Handler
                0x0000000008000e94        0x6 ./Core/Src/stm32f1xx_it.o
                0x0000000008000e94                NMI_Handler
 .text.HardFault_Handler
                0x0000000008000e9a        0x6 ./Core/Src/stm32f1xx_it.o
                0x0000000008000e9a                HardFault_Handler
 .text.MemManage_Handler
                0x0000000008000ea0        0x6 ./Core/Src/stm32f1xx_it.o
                0x0000000008000ea0                MemManage_Handler
 .text.BusFault_Handler
                0x0000000008000ea6        0x6 ./Core/Src/stm32f1xx_it.o
                0x0000000008000ea6                BusFault_Handler
 .text.UsageFault_Handler
                0x0000000008000eac        0x6 ./Core/Src/stm32f1xx_it.o
                0x0000000008000eac                UsageFault_Handler
 .text.SVC_Handler
                0x0000000008000eb2        0xc ./Core/Src/stm32f1xx_it.o
                0x0000000008000eb2                SVC_Handler
 .text.DebugMon_Handler
                0x0000000008000ebe        0xc ./Core/Src/stm32f1xx_it.o
                0x0000000008000ebe                DebugMon_Handler
 .text.PendSV_Handler
                0x0000000008000eca        0xc ./Core/Src/stm32f1xx_it.o
                0x0000000008000eca                PendSV_Handler
 .text.SysTick_Handler
                0x0000000008000ed6        0xc ./Core/Src/stm32f1xx_it.o
                0x0000000008000ed6                SysTick_Handler
 *fill*         0x0000000008000ee2        0x2 
 .text.TIM2_IRQHandler
                0x0000000008000ee4       0x14 ./Core/Src/stm32f1xx_it.o
                0x0000000008000ee4                TIM2_IRQHandler
 .text.TIM3_IRQHandler
                0x0000000008000ef8       0x14 ./Core/Src/stm32f1xx_it.o
                0x0000000008000ef8                TIM3_IRQHandler
 .text.SystemInit
                0x0000000008000f0c        0xc ./Core/Src/system_stm32f1xx.o
                0x0000000008000f0c                SystemInit
 .text.Reset_Handler
                0x0000000008000f18       0x48 ./Core/Startup/startup_stm32f103rbtx.o
                0x0000000008000f18                Reset_Handler
 .text.Default_Handler
                0x0000000008000f60        0x2 ./Core/Startup/startup_stm32f103rbtx.o
                0x0000000008000f60                RTC_Alarm_IRQHandler
                0x0000000008000f60                EXTI2_IRQHandler
                0x0000000008000f60                TIM1_CC_IRQHandler
                0x0000000008000f60                PVD_IRQHandler
                0x0000000008000f60                EXTI3_IRQHandler
                0x0000000008000f60                EXTI0_IRQHandler
                0x0000000008000f60                I2C2_EV_IRQHandler
                0x0000000008000f60                ADC1_2_IRQHandler
                0x0000000008000f60                SPI1_IRQHandler
                0x0000000008000f60                TAMPER_IRQHandler
                0x0000000008000f60                DMA1_Channel4_IRQHandler
                0x0000000008000f60                USART3_IRQHandler
                0x0000000008000f60                RTC_IRQHandler
                0x0000000008000f60                DMA1_Channel7_IRQHandler
                0x0000000008000f60                CAN1_RX1_IRQHandler
                0x0000000008000f60                TIM4_IRQHandler
                0x0000000008000f60                I2C1_EV_IRQHandler
                0x0000000008000f60                DMA1_Channel6_IRQHandler
                0x0000000008000f60                RCC_IRQHandler
                0x0000000008000f60                TIM1_TRG_COM_IRQHandler
                0x0000000008000f60                DMA1_Channel1_IRQHandler
                0x0000000008000f60                Default_Handler
                0x0000000008000f60                EXTI15_10_IRQHandler
                0x0000000008000f60                EXTI9_5_IRQHandler
                0x0000000008000f60                SPI2_IRQHandler
                0x0000000008000f60                DMA1_Channel5_IRQHandler
                0x0000000008000f60                EXTI4_IRQHandler
                0x0000000008000f60                USB_LP_CAN1_RX0_IRQHandler
                0x0000000008000f60                USB_HP_CAN1_TX_IRQHandler
                0x0000000008000f60                DMA1_Channel3_IRQHandler
                0x0000000008000f60                TIM1_UP_IRQHandler
                0x0000000008000f60                WWDG_IRQHandler
                0x0000000008000f60                TIM1_BRK_IRQHandler
                0x0000000008000f60                EXTI1_IRQHandler
                0x0000000008000f60                USART2_IRQHandler
                0x0000000008000f60                I2C2_ER_IRQHandler
                0x0000000008000f60                DMA1_Channel2_IRQHandler
                0x0000000008000f60                CAN1_SCE_IRQHandler
                0x0000000008000f60                FLASH_IRQHandler
                0x0000000008000f60                USART1_IRQHandler
                0x0000000008000f60                I2C1_ER_IRQHandler
                0x0000000008000f60                USBWakeUp_IRQHandler
 *fill*         0x0000000008000f62        0x2 
 .text.HAL_Init
                0x0000000008000f64       0x2c ./Drivers/STM32F1xx_HAL_Driver/Src/stm32f1xx_hal.o
                0x0000000008000f64                HAL_Init
 .text.HAL_InitTick
                0x0000000008000f90       0x60 ./Drivers/STM32F1xx_HAL_Driver/Src/stm32f1xx_hal.o
                0x0000000008000f90                HAL_InitTick
 .text.HAL_IncTick
                0x0000000008000ff0       0x24 ./Drivers/STM32F1xx_HAL_Driver/Src/stm32f1xx_hal.o
                0x0000000008000ff0                HAL_IncTick
 .text.HAL_GetTick
                0x0000000008001014       0x14 ./Drivers/STM32F1xx_HAL_Driver/Src/stm32f1xx_hal.o
                0x0000000008001014                HAL_GetTick
 .text.__NVIC_SetPriorityGrouping
                0x0000000008001028       0x48 ./Drivers/STM32F1xx_HAL_Driver/Src/stm32f1xx_hal_cortex.o
 .text.__NVIC_GetPriorityGrouping
                0x0000000008001070       0x1c ./Drivers/STM32F1xx_HAL_Driver/Src/stm32f1xx_hal_cortex.o
 .text.__NVIC_EnableIRQ
                0x000000000800108c       0x38 ./Drivers/STM32F1xx_HAL_Driver/Src/stm32f1xx_hal_cortex.o
 .text.__NVIC_SetPriority
                0x00000000080010c4       0x54 ./Drivers/STM32F1xx_HAL_Driver/Src/stm32f1xx_hal_cortex.o
 .text.NVIC_EncodePriority
                0x0000000008001118       0x64 ./Drivers/STM32F1xx_HAL_Driver/Src/stm32f1xx_hal_cortex.o
 .text.SysTick_Config
                0x000000000800117c       0x44 ./Drivers/STM32F1xx_HAL_Driver/Src/stm32f1xx_hal_cortex.o
 .text.HAL_NVIC_SetPriorityGrouping
                0x00000000080011c0       0x16 ./Drivers/STM32F1xx_HAL_Driver/Src/stm32f1xx_hal_cortex.o
                0x00000000080011c0                HAL_NVIC_SetPriorityGrouping
 .text.HAL_NVIC_SetPriority
                0x00000000080011d6       0x38 ./Drivers/STM32F1xx_HAL_Driver/Src/stm32f1xx_hal_cortex.o
                0x00000000080011d6                HAL_NVIC_SetPriority
 .text.HAL_NVIC_EnableIRQ
                0x000000000800120e       0x1c ./Drivers/STM32F1xx_HAL_Driver/Src/stm32f1xx_hal_cortex.o
                0x000000000800120e                HAL_NVIC_EnableIRQ
 .text.HAL_SYSTICK_Config
                0x000000000800122a       0x18 ./Drivers/STM32F1xx_HAL_Driver/Src/stm32f1xx_hal_cortex.o
                0x000000000800122a                HAL_SYSTICK_Config
 *fill*         0x0000000008001242        0x2 
 .text.HAL_GPIO_Init
                0x0000000008001244      0x308 ./Drivers/STM32F1xx_HAL_Driver/Src/stm32f1xx_hal_gpio.o
                0x0000000008001244                HAL_GPIO_Init
 .text.HAL_GPIO_ReadPin
                0x000000000800154c       0x2e ./Drivers/STM32F1xx_HAL_Driver/Src/stm32f1xx_hal_gpio.o
                0x000000000800154c                HAL_GPIO_ReadPin
 .text.HAL_GPIO_WritePin
                0x000000000800157a       0x30 ./Drivers/STM32F1xx_HAL_Driver/Src/stm32f1xx_hal_gpio.o
                0x000000000800157a                HAL_GPIO_WritePin
 *fill*         0x00000000080015aa        0x2 
 .text.HAL_RCC_OscConfig
                0x00000000080015ac      0x500 ./Drivers/STM32F1xx_HAL_Driver/Src/stm32f1xx_hal_rcc.o
                0x00000000080015ac                HAL_RCC_OscConfig
 .text.HAL_RCC_ClockConfig
                0x0000000008001aac      0x1d4 ./Drivers/STM32F1xx_HAL_Driver/Src/stm32f1xx_hal_rcc.o
                0x0000000008001aac                HAL_RCC_ClockConfig
 .text.HAL_RCC_GetSysClockFreq
                0x0000000008001c80       0xa8 ./Drivers/STM32F1xx_HAL_Driver/Src/stm32f1xx_hal_rcc.o
                0x0000000008001c80                HAL_RCC_GetSysClockFreq
 .text.RCC_Delay
                0x0000000008001d28       0x3c ./Drivers/STM32F1xx_HAL_Driver/Src/stm32f1xx_hal_rcc.o
 .text.HAL_TIM_Base_Init
                0x0000000008001d64       0x9e ./Drivers/STM32F1xx_HAL_Driver/Src/stm32f1xx_hal_tim.o
                0x0000000008001d64                HAL_TIM_Base_Init
 *fill*         0x0000000008001e02        0x2 
 .text.HAL_TIM_Base_Start_IT
                0x0000000008001e04       0xa4 ./Drivers/STM32F1xx_HAL_Driver/Src/stm32f1xx_hal_tim.o
                0x0000000008001e04                HAL_TIM_Base_Start_IT
 .text.HAL_TIM_PWM_Init
                0x0000000008001ea8       0x9e ./Drivers/STM32F1xx_HAL_Driver/Src/stm32f1xx_hal_tim.o
                0x0000000008001ea8                HAL_TIM_PWM_Init
 .text.HAL_TIM_PWM_MspInit
                0x0000000008001f46       0x12 ./Drivers/STM32F1xx_HAL_Driver/Src/stm32f1xx_hal_tim.o
                0x0000000008001f46                HAL_TIM_PWM_MspInit
 .text.HAL_TIM_PWM_Start
                0x0000000008001f58      0x144 ./Drivers/STM32F1xx_HAL_Driver/Src/stm32f1xx_hal_tim.o
                0x0000000008001f58                HAL_TIM_PWM_Start
 .text.HAL_TIM_IRQHandler
                0x000000000800209c      0x210 ./Drivers/STM32F1xx_HAL_Driver/Src/stm32f1xx_hal_tim.o
                0x000000000800209c                HAL_TIM_IRQHandler
 .text.HAL_TIM_PWM_ConfigChannel
                0x00000000080022ac      0x184 ./Drivers/STM32F1xx_HAL_Driver/Src/stm32f1xx_hal_tim.o
                0x00000000080022ac                HAL_TIM_PWM_ConfigChannel
 .text.HAL_TIM_ConfigClockSource
                0x0000000008002430      0x18e ./Drivers/STM32F1xx_HAL_Driver/Src/stm32f1xx_hal_tim.o
                0x0000000008002430                HAL_TIM_ConfigClockSource
 .text.HAL_TIM_OC_DelayElapsedCallback
                0x00000000080025be       0x12 ./Drivers/STM32F1xx_HAL_Driver/Src/stm32f1xx_hal_tim.o
                0x00000000080025be                HAL_TIM_OC_DelayElapsedCallback
 .text.HAL_TIM_IC_CaptureCallback
                0x00000000080025d0       0x12 ./Drivers/STM32F1xx_HAL_Driver/Src/stm32f1xx_hal_tim.o
                0x00000000080025d0                HAL_TIM_IC_CaptureCallback
 .text.HAL_TIM_PWM_PulseFinishedCallback
                0x00000000080025e2       0x12 ./Drivers/STM32F1xx_HAL_Driver/Src/stm32f1xx_hal_tim.o
                0x00000000080025e2                HAL_TIM_PWM_PulseFinishedCallback
 .text.HAL_TIM_TriggerCallback
                0x00000000080025f4       0x12 ./Drivers/STM32F1xx_HAL_Driver/Src/stm32f1xx_hal_tim.o
                0x00000000080025f4                HAL_TIM_TriggerCallback
 *fill*         0x0000000008002606        0x2 
 .text.TIM_Base_SetConfig
                0x0000000008002608       0xc4 ./Drivers/STM32F1xx_HAL_Driver/Src/stm32f1xx_hal_tim.o
                0x0000000008002608                TIM_Base_SetConfig
 .text.TIM_OC1_SetConfig
                0x00000000080026cc       0xcc ./Drivers/STM32F1xx_HAL_Driver/Src/stm32f1xx_hal_tim.o
 .text.TIM_OC2_SetConfig
                0x0000000008002798       0xd4 ./Drivers/STM32F1xx_HAL_Driver/Src/stm32f1xx_hal_tim.o
                0x0000000008002798                TIM_OC2_SetConfig
 .text.TIM_OC3_SetConfig
                0x000000000800286c       0xd4 ./Drivers/STM32F1xx_HAL_Driver/Src/stm32f1xx_hal_tim.o
 .text.TIM_OC4_SetConfig
                0x0000000008002940       0x9c ./Drivers/STM32F1xx_HAL_Driver/Src/stm32f1xx_hal_tim.o
 .text.TIM_TI1_ConfigInputStage
                0x00000000080029dc       0x5c ./Drivers/STM32F1xx_HAL_Driver/Src/stm32f1xx_hal_tim.o
 .text.TIM_TI2_ConfigInputStage
                0x0000000008002a38       0x5e ./Drivers/STM32F1xx_HAL_Driver/Src/stm32f1xx_hal_tim.o
 .text.TIM_ITRx_SetConfig
                0x0000000008002a96       0x34 ./Drivers/STM32F1xx_HAL_Driver/Src/stm32f1xx_hal_tim.o
 .text.TIM_ETR_SetConfig
                0x0000000008002aca       0x3e ./Drivers/STM32F1xx_HAL_Driver/Src/stm32f1xx_hal_tim.o
                0x0000000008002aca                TIM_ETR_SetConfig
 .text.TIM_CCxChannelCmd
                0x0000000008002b08       0x48 ./Drivers/STM32F1xx_HAL_Driver/Src/stm32f1xx_hal_tim.o
                0x0000000008002b08                TIM_CCxChannelCmd
 .text.HAL_TIMEx_MasterConfigSynchronization
                0x0000000008002b50       0xbc ./Drivers/STM32F1xx_HAL_Driver/Src/stm32f1xx_hal_tim_ex.o
                0x0000000008002b50                HAL_TIMEx_MasterConfigSynchronization
 .text.HAL_TIMEx_CommutCallback
                0x0000000008002c0c       0x12 ./Drivers/STM32F1xx_HAL_Driver/Src/stm32f1xx_hal_tim_ex.o
                0x0000000008002c0c                HAL_TIMEx_CommutCallback
 .text.HAL_TIMEx_BreakCallback
                0x0000000008002c1e       0x12 ./Drivers/STM32F1xx_HAL_Driver/Src/stm32f1xx_hal_tim_ex.o
                0x0000000008002c1e                HAL_TIMEx_BreakCallback
 .text.__libc_init_array
                0x0000000008002c30       0x48 c:/trung main/231/microprocessor and microcontroller/lab/stm32cubeide_1.7.0/stm32cubeide/plugins/com.st.stm32cube.ide.mcu.externaltools.gnu-tools-for-stm32.9-2020-q2-update.win32_2.0.0.202105311346/tools/bin/../lib/gcc/arm-none-eabi/9.3.1/../../../../arm-none-eabi/lib/thumb/v7-m/nofp\libc_nano.a(lib_a-init.o)
                0x0000000008002c30                __libc_init_array
 .text.memset   0x0000000008002c78       0x10 c:/trung main/231/microprocessor and microcontroller/lab/stm32cubeide_1.7.0/stm32cubeide/plugins/com.st.stm32cube.ide.mcu.externaltools.gnu-tools-for-stm32.9-2020-q2-update.win32_2.0.0.202105311346/tools/bin/../lib/gcc/arm-none-eabi/9.3.1/../../../../arm-none-eabi/lib/thumb/v7-m/nofp\libc_nano.a(lib_a-memset.o)
                0x0000000008002c78                memset
 *(.glue_7)
 .glue_7        0x0000000008002c88        0x0 linker stubs
 *(.glue_7t)
 .glue_7t       0x0000000008002c88        0x0 linker stubs
 *(.eh_frame)
 .eh_frame      0x0000000008002c88        0x0 c:/trung main/231/microprocessor and microcontroller/lab/stm32cubeide_1.7.0/stm32cubeide/plugins/com.st.stm32cube.ide.mcu.externaltools.gnu-tools-for-stm32.9-2020-q2-update.win32_2.0.0.202105311346/tools/bin/../lib/gcc/arm-none-eabi/9.3.1/thumb/v7-m/nofp/crtbegin.o
 *(.init)
 .init          0x0000000008002c88        0x4 c:/trung main/231/microprocessor and microcontroller/lab/stm32cubeide_1.7.0/stm32cubeide/plugins/com.st.stm32cube.ide.mcu.externaltools.gnu-tools-for-stm32.9-2020-q2-update.win32_2.0.0.202105311346/tools/bin/../lib/gcc/arm-none-eabi/9.3.1/thumb/v7-m/nofp/crti.o
                0x0000000008002c88                _init
 .init          0x0000000008002c8c        0x8 c:/trung main/231/microprocessor and microcontroller/lab/stm32cubeide_1.7.0/stm32cubeide/plugins/com.st.stm32cube.ide.mcu.externaltools.gnu-tools-for-stm32.9-2020-q2-update.win32_2.0.0.202105311346/tools/bin/../lib/gcc/arm-none-eabi/9.3.1/thumb/v7-m/nofp/crtn.o
 *(.fini)
 .fini          0x0000000008002c94        0x4 c:/trung main/231/microprocessor and microcontroller/lab/stm32cubeide_1.7.0/stm32cubeide/plugins/com.st.stm32cube.ide.mcu.externaltools.gnu-tools-for-stm32.9-2020-q2-update.win32_2.0.0.202105311346/tools/bin/../lib/gcc/arm-none-eabi/9.3.1/thumb/v7-m/nofp/crti.o
                0x0000000008002c94                _fini
 .fini          0x0000000008002c98        0x8 c:/trung main/231/microprocessor and microcontroller/lab/stm32cubeide_1.7.0/stm32cubeide/plugins/com.st.stm32cube.ide.mcu.externaltools.gnu-tools-for-stm32.9-2020-q2-update.win32_2.0.0.202105311346/tools/bin/../lib/gcc/arm-none-eabi/9.3.1/thumb/v7-m/nofp/crtn.o
                0x0000000008002ca0                . = ALIGN (0x4)
                0x0000000008002ca0                _etext = .

.vfp11_veneer   0x0000000008002ca0        0x0
 .vfp11_veneer  0x0000000008002ca0        0x0 linker stubs

.v4_bx          0x0000000008002ca0        0x0
 .v4_bx         0x0000000008002ca0        0x0 linker stubs

.iplt           0x0000000008002ca0        0x0
 .iplt          0x0000000008002ca0        0x0 c:/trung main/231/microprocessor and microcontroller/lab/stm32cubeide_1.7.0/stm32cubeide/plugins/com.st.stm32cube.ide.mcu.externaltools.gnu-tools-for-stm32.9-2020-q2-update.win32_2.0.0.202105311346/tools/bin/../lib/gcc/arm-none-eabi/9.3.1/thumb/v7-m/nofp/crtbegin.o

.rodata         0x0000000008002ca0       0x24
                0x0000000008002ca0                . = ALIGN (0x4)
 *(.rodata)
 *(.rodata*)
 .rodata.AHBPrescTable
                0x0000000008002ca0       0x10 ./Core/Src/system_stm32f1xx.o
                0x0000000008002ca0                AHBPrescTable
 .rodata.aPLLMULFactorTable.6037
                0x0000000008002cb0       0x10 ./Drivers/STM32F1xx_HAL_Driver/Src/stm32f1xx_hal_rcc.o
 .rodata.aPredivFactorTable.6038
                0x0000000008002cc0        0x2 ./Drivers/STM32F1xx_HAL_Driver/Src/stm32f1xx_hal_rcc.o
                0x0000000008002cc4                . = ALIGN (0x4)
 *fill*         0x0000000008002cc2        0x2 

.rel.dyn        0x0000000008002cc4        0x0
 .rel.iplt      0x0000000008002cc4        0x0 c:/trung main/231/microprocessor and microcontroller/lab/stm32cubeide_1.7.0/stm32cubeide/plugins/com.st.stm32cube.ide.mcu.externaltools.gnu-tools-for-stm32.9-2020-q2-update.win32_2.0.0.202105311346/tools/bin/../lib/gcc/arm-none-eabi/9.3.1/thumb/v7-m/nofp/crtbegin.o

.ARM.extab      0x0000000008002cc4        0x0
                0x0000000008002cc4                . = ALIGN (0x4)
 *(.ARM.extab* .gnu.linkonce.armextab.*)
                0x0000000008002cc4                . = ALIGN (0x4)

.ARM            0x0000000008002cc4        0x0
                0x0000000008002cc4                . = ALIGN (0x4)
                0x0000000008002cc4                __exidx_start = .
 *(.ARM.exidx*)
                0x0000000008002cc4                __exidx_end = .
                0x0000000008002cc4                . = ALIGN (0x4)

.preinit_array  0x0000000008002cc4        0x0
                0x0000000008002cc4                . = ALIGN (0x4)
                0x0000000008002cc4                PROVIDE (__preinit_array_start = .)
 *(.preinit_array*)
                0x0000000008002cc4                PROVIDE (__preinit_array_end = .)
                0x0000000008002cc4                . = ALIGN (0x4)

.init_array     0x0000000008002cc4        0x4
                0x0000000008002cc4                . = ALIGN (0x4)
                0x0000000008002cc4                PROVIDE (__init_array_start = .)
 *(SORT_BY_NAME(.init_array.*))
 *(.init_array*)
 .init_array    0x0000000008002cc4        0x4 c:/trung main/231/microprocessor and microcontroller/lab/stm32cubeide_1.7.0/stm32cubeide/plugins/com.st.stm32cube.ide.mcu.externaltools.gnu-tools-for-stm32.9-2020-q2-update.win32_2.0.0.202105311346/tools/bin/../lib/gcc/arm-none-eabi/9.3.1/thumb/v7-m/nofp/crtbegin.o
                0x0000000008002cc8                PROVIDE (__init_array_end = .)
                0x0000000008002cc8                . = ALIGN (0x4)

.fini_array     0x0000000008002cc8        0x4
                0x0000000008002cc8                . = ALIGN (0x4)
                [!provide]                        PROVIDE (__fini_array_start = .)
 *(SORT_BY_NAME(.fini_array.*))
 *(.fini_array*)
 .fini_array    0x0000000008002cc8        0x4 c:/trung main/231/microprocessor and microcontroller/lab/stm32cubeide_1.7.0/stm32cubeide/plugins/com.st.stm32cube.ide.mcu.externaltools.gnu-tools-for-stm32.9-2020-q2-update.win32_2.0.0.202105311346/tools/bin/../lib/gcc/arm-none-eabi/9.3.1/thumb/v7-m/nofp/crtbegin.o
                [!provide]                        PROVIDE (__fini_array_end = .)
                0x0000000008002ccc                . = ALIGN (0x4)
                0x0000000008002ccc                _sidata = LOADADDR (.data)

.data           0x0000000020000000       0x90 load address 0x0000000008002ccc
                0x0000000020000000                . = ALIGN (0x4)
                0x0000000020000000                _sdata = .
 *(.data)
 *(.data*)
 .data.button_pin
                0x0000000020000000       0x20 ./Core/Src/button.o
                0x0000000020000000                button_pin
 .data.keyReg0  0x0000000020000020       0x10 ./Core/Src/button.o
                0x0000000020000020                keyReg0
 .data.keyReg1  0x0000000020000030       0x10 ./Core/Src/button.o
                0x0000000020000030                keyReg1
 .data.keyReg2  0x0000000020000040       0x10 ./Core/Src/button.o
                0x0000000020000040                keyReg2
 .data.keyReg3  0x0000000020000050       0x10 ./Core/Src/button.o
                0x0000000020000050                keyReg3
 .data.timerForKeyPress
                0x0000000020000060       0x10 ./Core/Src/button.o
                0x0000000020000060                timerForKeyPress
 .data.status   0x0000000020000070        0x4 ./Core/Src/global.o
                0x0000000020000070                status
 .data.status_pedestrian
                0x0000000020000074        0x4 ./Core/Src/global.o
                0x0000000020000074                status_pedestrian
 .data.realAmberTime
                0x0000000020000078        0x4 ./Core/Src/myLib.o
                0x0000000020000078                realAmberTime
 .data.realGreenTime
                0x000000002000007c        0x4 ./Core/Src/myLib.o
                0x000000002000007c                realGreenTime
 .data.realRedTime
                0x0000000020000080        0x4 ./Core/Src/myLib.o
                0x0000000020000080                realRedTime
 .data.SystemCoreClock
                0x0000000020000084        0x4 ./Core/Src/system_stm32f1xx.o
                0x0000000020000084                SystemCoreClock
 .data.uwTickPrio
                0x0000000020000088        0x4 ./Drivers/STM32F1xx_HAL_Driver/Src/stm32f1xx_hal.o
                0x0000000020000088                uwTickPrio
 .data.uwTickFreq
                0x000000002000008c        0x1 ./Drivers/STM32F1xx_HAL_Driver/Src/stm32f1xx_hal.o
                0x000000002000008c                uwTickFreq
 *(.RamFunc)
 *(.RamFunc*)
                0x0000000020000090                . = ALIGN (0x4)
 *fill*         0x000000002000008d        0x3 
                0x0000000020000090                _edata = .

.igot.plt       0x0000000020000090        0x0 load address 0x0000000008002d5c
 .igot.plt      0x0000000020000090        0x0 c:/trung main/231/microprocessor and microcontroller/lab/stm32cubeide_1.7.0/stm32cubeide/plugins/com.st.stm32cube.ide.mcu.externaltools.gnu-tools-for-stm32.9-2020-q2-update.win32_2.0.0.202105311346/tools/bin/../lib/gcc/arm-none-eabi/9.3.1/thumb/v7-m/nofp/crtbegin.o
                0x0000000020000090                . = ALIGN (0x4)

.bss            0x0000000020000090      0x114 load address 0x0000000008002d5c
                0x0000000020000090                _sbss = .
                0x0000000020000090                __bss_start__ = _sbss
 *(.bss)
 .bss           0x0000000020000090       0x1c c:/trung main/231/microprocessor and microcontroller/lab/stm32cubeide_1.7.0/stm32cubeide/plugins/com.st.stm32cube.ide.mcu.externaltools.gnu-tools-for-stm32.9-2020-q2-update.win32_2.0.0.202105311346/tools/bin/../lib/gcc/arm-none-eabi/9.3.1/thumb/v7-m/nofp/crtbegin.o
 *(.bss*)
 .bss.button_flag
                0x00000000200000ac       0x10 ./Core/Src/button.o
                0x00000000200000ac                button_flag
 .bss.amberTime
                0x00000000200000bc        0x4 ./Core/Src/fsm_automatic.o
                0x00000000200000bc                amberTime
 .bss.greenTime
                0x00000000200000c0        0x4 ./Core/Src/fsm_automatic.o
                0x00000000200000c0                greenTime
 .bss.led13     0x00000000200000c4        0x4 ./Core/Src/fsm_automatic.o
                0x00000000200000c4                led13
 .bss.led24     0x00000000200000c8        0x4 ./Core/Src/fsm_automatic.o
                0x00000000200000c8                led24
 .bss.buzzer_flag
                0x00000000200000cc        0x4 ./Core/Src/global.o
                0x00000000200000cc                buzzer_flag
 .bss.led_buffer
                0x00000000200000d0       0x10 ./Core/Src/myLib.o
                0x00000000200000d0                led_buffer
 .bss.currentLed13
                0x00000000200000e0        0x4 ./Core/Src/myLib.o
                0x00000000200000e0                currentLed13
 .bss.currentLed24
                0x00000000200000e4        0x4 ./Core/Src/myLib.o
                0x00000000200000e4                currentLed24
 .bss.duty      0x00000000200000e8        0x4 ./Core/Src/myLib.o
                0x00000000200000e8                duty
 .bss.timerCounter
                0x00000000200000ec       0x14 ./Core/Src/software_timer.o
                0x00000000200000ec                timerCounter
 .bss.timerFlag
                0x0000000020000100        0xa ./Core/Src/software_timer.o
                0x0000000020000100                timerFlag
 *(COMMON)
 *fill*         0x000000002000010a        0x2 
 COMMON         0x000000002000010c       0x90 ./Core/Src/main.o
                0x000000002000010c                htim3
                0x0000000020000154                htim2
 COMMON         0x000000002000019c        0x4 ./Core/Src/myLib.o
                0x000000002000019c                time_buzzer
 COMMON         0x00000000200001a0        0x4 ./Drivers/STM32F1xx_HAL_Driver/Src/stm32f1xx_hal.o
                0x00000000200001a0                uwTick
                0x00000000200001a4                . = ALIGN (0x4)
                0x00000000200001a4                _ebss = .
                0x00000000200001a4                __bss_end__ = _ebss

._user_heap_stack
                0x00000000200001a4      0x604 load address 0x0000000008002d5c
                0x00000000200001a8                . = ALIGN (0x8)
 *fill*         0x00000000200001a4        0x4 
                [!provide]                        PROVIDE (end = .)
                0x00000000200001a8                PROVIDE (_end = .)
                0x00000000200003a8                . = (. + _Min_Heap_Size)
 *fill*         0x00000000200001a8      0x200 
                0x00000000200007a8                . = (. + _Min_Stack_Size)
 *fill*         0x00000000200003a8      0x400 
                0x00000000200007a8                . = ALIGN (0x8)

/DISCARD/
 libc.a(*)
 libm.a(*)
 libgcc.a(*)

.ARM.attributes
                0x0000000000000000       0x29
 *(.ARM.attributes)
 .ARM.attributes
                0x0000000000000000       0x1d c:/trung main/231/microprocessor and microcontroller/lab/stm32cubeide_1.7.0/stm32cubeide/plugins/com.st.stm32cube.ide.mcu.externaltools.gnu-tools-for-stm32.9-2020-q2-update.win32_2.0.0.202105311346/tools/bin/../lib/gcc/arm-none-eabi/9.3.1/thumb/v7-m/nofp/crti.o
 .ARM.attributes
                0x000000000000001d       0x2d c:/trung main/231/microprocessor and microcontroller/lab/stm32cubeide_1.7.0/stm32cubeide/plugins/com.st.stm32cube.ide.mcu.externaltools.gnu-tools-for-stm32.9-2020-q2-update.win32_2.0.0.202105311346/tools/bin/../lib/gcc/arm-none-eabi/9.3.1/thumb/v7-m/nofp/crtbegin.o
 .ARM.attributes
                0x000000000000004a       0x2d ./Core/Src/button.o
 .ARM.attributes
                0x0000000000000077       0x2d ./Core/Src/fsm_automatic.o
 .ARM.attributes
                0x00000000000000a4       0x2d ./Core/Src/fsm_pedestrian.o
 .ARM.attributes
                0x00000000000000d1       0x33 ./Core/Src/global.o
 .ARM.attributes
                0x0000000000000104       0x2d ./Core/Src/main.o
 .ARM.attributes
                0x0000000000000131       0x2d ./Core/Src/myLib.o
 .ARM.attributes
                0x000000000000015e       0x2d ./Core/Src/software_timer.o
 .ARM.attributes
                0x000000000000018b       0x2d ./Core/Src/stm32f1xx_hal_msp.o
 .ARM.attributes
                0x00000000000001b8       0x2d ./Core/Src/stm32f1xx_it.o
 .ARM.attributes
                0x00000000000001e5       0x2d ./Core/Src/system_stm32f1xx.o
 .ARM.attributes
                0x0000000000000212       0x21 ./Core/Startup/startup_stm32f103rbtx.o
 .ARM.attributes
                0x0000000000000233       0x2d ./Drivers/STM32F1xx_HAL_Driver/Src/stm32f1xx_hal.o
 .ARM.attributes
                0x0000000000000260       0x2d ./Drivers/STM32F1xx_HAL_Driver/Src/stm32f1xx_hal_cortex.o
 .ARM.attributes
                0x000000000000028d       0x2d ./Drivers/STM32F1xx_HAL_Driver/Src/stm32f1xx_hal_gpio.o
 .ARM.attributes
                0x00000000000002ba       0x2d ./Drivers/STM32F1xx_HAL_Driver/Src/stm32f1xx_hal_rcc.o
 .ARM.attributes
                0x00000000000002e7       0x2d ./Drivers/STM32F1xx_HAL_Driver/Src/stm32f1xx_hal_tim.o
 .ARM.attributes
                0x0000000000000314       0x2d ./Drivers/STM32F1xx_HAL_Driver/Src/stm32f1xx_hal_tim_ex.o
 .ARM.attributes
                0x0000000000000341       0x2d c:/trung main/231/microprocessor and microcontroller/lab/stm32cubeide_1.7.0/stm32cubeide/plugins/com.st.stm32cube.ide.mcu.externaltools.gnu-tools-for-stm32.9-2020-q2-update.win32_2.0.0.202105311346/tools/bin/../lib/gcc/arm-none-eabi/9.3.1/../../../../arm-none-eabi/lib/thumb/v7-m/nofp\libc_nano.a(lib_a-init.o)
 .ARM.attributes
                0x000000000000036e       0x2d c:/trung main/231/microprocessor and microcontroller/lab/stm32cubeide_1.7.0/stm32cubeide/plugins/com.st.stm32cube.ide.mcu.externaltools.gnu-tools-for-stm32.9-2020-q2-update.win32_2.0.0.202105311346/tools/bin/../lib/gcc/arm-none-eabi/9.3.1/../../../../arm-none-eabi/lib/thumb/v7-m/nofp\libc_nano.a(lib_a-memset.o)
 .ARM.attributes
                0x000000000000039b       0x1d c:/trung main/231/microprocessor and microcontroller/lab/stm32cubeide_1.7.0/stm32cubeide/plugins/com.st.stm32cube.ide.mcu.externaltools.gnu-tools-for-stm32.9-2020-q2-update.win32_2.0.0.202105311346/tools/bin/../lib/gcc/arm-none-eabi/9.3.1/thumb/v7-m/nofp/crtn.o
OUTPUT(MCU_Assignment.elf elf32-littlearm)
LOAD linker stubs
LOAD c:/trung main/231/microprocessor and microcontroller/lab/stm32cubeide_1.7.0/stm32cubeide/plugins/com.st.stm32cube.ide.mcu.externaltools.gnu-tools-for-stm32.9-2020-q2-update.win32_2.0.0.202105311346/tools/bin/../lib/gcc/arm-none-eabi/9.3.1/../../../../arm-none-eabi/lib/thumb/v7-m/nofp\libc.a
LOAD c:/trung main/231/microprocessor and microcontroller/lab/stm32cubeide_1.7.0/stm32cubeide/plugins/com.st.stm32cube.ide.mcu.externaltools.gnu-tools-for-stm32.9-2020-q2-update.win32_2.0.0.202105311346/tools/bin/../lib/gcc/arm-none-eabi/9.3.1/../../../../arm-none-eabi/lib/thumb/v7-m/nofp\libm.a
LOAD c:/trung main/231/microprocessor and microcontroller/lab/stm32cubeide_1.7.0/stm32cubeide/plugins/com.st.stm32cube.ide.mcu.externaltools.gnu-tools-for-stm32.9-2020-q2-update.win32_2.0.0.202105311346/tools/bin/../lib/gcc/arm-none-eabi/9.3.1/thumb/v7-m/nofp\libgcc.a

.debug_info     0x0000000000000000     0x9e79
 .debug_info    0x0000000000000000      0x397 ./Core/Src/button.o
 .debug_info    0x0000000000000397      0x31c ./Core/Src/fsm_automatic.o
 .debug_info    0x00000000000006b3      0x282 ./Core/Src/fsm_pedestrian.o
 .debug_info    0x0000000000000935      0x292 ./Core/Src/global.o
 .debug_info    0x0000000000000bc7      0xcb2 ./Core/Src/main.o
 .debug_info    0x0000000000001879      0xa1b ./Core/Src/myLib.o
 .debug_info    0x0000000000002294      0x155 ./Core/Src/software_timer.o
 .debug_info    0x00000000000023e9      0xb6e ./Core/Src/stm32f1xx_hal_msp.o
 .debug_info    0x0000000000002f57      0x7d7 ./Core/Src/stm32f1xx_it.o
 .debug_info    0x000000000000372e      0x2be ./Core/Src/system_stm32f1xx.o
 .debug_info    0x00000000000039ec       0x22 ./Core/Startup/startup_stm32f103rbtx.o
 .debug_info    0x0000000000003a0e      0x76a ./Drivers/STM32F1xx_HAL_Driver/Src/stm32f1xx_hal.o
 .debug_info    0x0000000000004178      0xbdc ./Drivers/STM32F1xx_HAL_Driver/Src/stm32f1xx_hal_cortex.o
 .debug_info    0x0000000000004d54      0x701 ./Drivers/STM32F1xx_HAL_Driver/Src/stm32f1xx_hal_gpio.o
 .debug_info    0x0000000000005455      0x893 ./Drivers/STM32F1xx_HAL_Driver/Src/stm32f1xx_hal_rcc.o
 .debug_info    0x0000000000005ce8     0x2c12 ./Drivers/STM32F1xx_HAL_Driver/Src/stm32f1xx_hal_tim.o
 .debug_info    0x00000000000088fa     0x157f ./Drivers/STM32F1xx_HAL_Driver/Src/stm32f1xx_hal_tim_ex.o

.debug_abbrev   0x0000000000000000     0x1be5
 .debug_abbrev  0x0000000000000000      0x190 ./Core/Src/button.o
 .debug_abbrev  0x0000000000000190       0xd8 ./Core/Src/fsm_automatic.o
 .debug_abbrev  0x0000000000000268       0xb6 ./Core/Src/fsm_pedestrian.o
 .debug_abbrev  0x000000000000031e       0xa9 ./Core/Src/global.o
 .debug_abbrev  0x00000000000003c7      0x2ca ./Core/Src/main.o
 .debug_abbrev  0x0000000000000691      0x1b5 ./Core/Src/myLib.o
 .debug_abbrev  0x0000000000000846       0xe2 ./Core/Src/software_timer.o
 .debug_abbrev  0x0000000000000928      0x1c8 ./Core/Src/stm32f1xx_hal_msp.o
 .debug_abbrev  0x0000000000000af0      0x176 ./Core/Src/stm32f1xx_it.o
 .debug_abbrev  0x0000000000000c66      0x14e ./Core/Src/system_stm32f1xx.o
 .debug_abbrev  0x0000000000000db4       0x12 ./Core/Startup/startup_stm32f103rbtx.o
 .debug_abbrev  0x0000000000000dc6      0x1ed ./Drivers/STM32F1xx_HAL_Driver/Src/stm32f1xx_hal.o
 .debug_abbrev  0x0000000000000fb3      0x313 ./Drivers/STM32F1xx_HAL_Driver/Src/stm32f1xx_hal_cortex.o
 .debug_abbrev  0x00000000000012c6      0x1e8 ./Drivers/STM32F1xx_HAL_Driver/Src/stm32f1xx_hal_gpio.o
 .debug_abbrev  0x00000000000014ae      0x273 ./Drivers/STM32F1xx_HAL_Driver/Src/stm32f1xx_hal_rcc.o
 .debug_abbrev  0x0000000000001721      0x25e ./Drivers/STM32F1xx_HAL_Driver/Src/stm32f1xx_hal_tim.o
 .debug_abbrev  0x000000000000197f      0x266 ./Drivers/STM32F1xx_HAL_Driver/Src/stm32f1xx_hal_tim_ex.o

.debug_aranges  0x0000000000000000      0xab0
 .debug_aranges
                0x0000000000000000       0x30 ./Core/Src/button.o
 .debug_aranges
                0x0000000000000030       0x48 ./Core/Src/fsm_automatic.o
 .debug_aranges
                0x0000000000000078       0x20 ./Core/Src/fsm_pedestrian.o
 .debug_aranges
                0x0000000000000098       0x18 ./Core/Src/global.o
 .debug_aranges
                0x00000000000000b0       0x50 ./Core/Src/main.o
 .debug_aranges
                0x0000000000000100       0x88 ./Core/Src/myLib.o
 .debug_aranges
                0x0000000000000188       0x30 ./Core/Src/software_timer.o
 .debug_aranges
                0x00000000000001b8       0x38 ./Core/Src/stm32f1xx_hal_msp.o
 .debug_aranges
                0x00000000000001f0       0x70 ./Core/Src/stm32f1xx_it.o
 .debug_aranges
                0x0000000000000260       0x28 ./Core/Src/system_stm32f1xx.o
 .debug_aranges
                0x0000000000000288       0x28 ./Core/Startup/startup_stm32f103rbtx.o
 .debug_aranges
                0x00000000000002b0       0xe0 ./Drivers/STM32F1xx_HAL_Driver/Src/stm32f1xx_hal.o
 .debug_aranges
                0x0000000000000390      0x100 ./Drivers/STM32F1xx_HAL_Driver/Src/stm32f1xx_hal_cortex.o
 .debug_aranges
                0x0000000000000490       0x58 ./Drivers/STM32F1xx_HAL_Driver/Src/stm32f1xx_hal_gpio.o
 .debug_aranges
                0x00000000000004e8       0x90 ./Drivers/STM32F1xx_HAL_Driver/Src/stm32f1xx_hal_rcc.o
 .debug_aranges
                0x0000000000000578      0x3d0 ./Drivers/STM32F1xx_HAL_Driver/Src/stm32f1xx_hal_tim.o
 .debug_aranges
                0x0000000000000948      0x168 ./Drivers/STM32F1xx_HAL_Driver/Src/stm32f1xx_hal_tim_ex.o

.debug_ranges   0x0000000000000000      0x9a0
 .debug_ranges  0x0000000000000000       0x20 ./Core/Src/button.o
 .debug_ranges  0x0000000000000020       0x38 ./Core/Src/fsm_automatic.o
 .debug_ranges  0x0000000000000058       0x10 ./Core/Src/fsm_pedestrian.o
 .debug_ranges  0x0000000000000068       0x40 ./Core/Src/main.o
 .debug_ranges  0x00000000000000a8       0x78 ./Core/Src/myLib.o
 .debug_ranges  0x0000000000000120       0x20 ./Core/Src/software_timer.o
 .debug_ranges  0x0000000000000140       0x28 ./Core/Src/stm32f1xx_hal_msp.o
 .debug_ranges  0x0000000000000168       0x60 ./Core/Src/stm32f1xx_it.o
 .debug_ranges  0x00000000000001c8       0x18 ./Core/Src/system_stm32f1xx.o
 .debug_ranges  0x00000000000001e0       0x20 ./Core/Startup/startup_stm32f103rbtx.o
 .debug_ranges  0x0000000000000200       0xd0 ./Drivers/STM32F1xx_HAL_Driver/Src/stm32f1xx_hal.o
 .debug_ranges  0x00000000000002d0       0xf0 ./Drivers/STM32F1xx_HAL_Driver/Src/stm32f1xx_hal_cortex.o
 .debug_ranges  0x00000000000003c0       0x48 ./Drivers/STM32F1xx_HAL_Driver/Src/stm32f1xx_hal_gpio.o
 .debug_ranges  0x0000000000000408       0x80 ./Drivers/STM32F1xx_HAL_Driver/Src/stm32f1xx_hal_rcc.o
 .debug_ranges  0x0000000000000488      0x3c0 ./Drivers/STM32F1xx_HAL_Driver/Src/stm32f1xx_hal_tim.o
 .debug_ranges  0x0000000000000848      0x158 ./Drivers/STM32F1xx_HAL_Driver/Src/stm32f1xx_hal_tim_ex.o

.debug_macro    0x0000000000000000    0x170d6
 .debug_macro   0x0000000000000000      0x1b7 ./Core/Src/button.o
 .debug_macro   0x00000000000001b7      0xa9c ./Core/Src/button.o
 .debug_macro   0x0000000000000c53      0x215 ./Core/Src/button.o
 .debug_macro   0x0000000000000e68       0x2e ./Core/Src/button.o
 .debug_macro   0x0000000000000e96       0x22 ./Core/Src/button.o
 .debug_macro   0x0000000000000eb8       0x22 ./Core/Src/button.o
 .debug_macro   0x0000000000000eda       0x8e ./Core/Src/button.o
 .debug_macro   0x0000000000000f68       0x51 ./Core/Src/button.o
 .debug_macro   0x0000000000000fb9      0x103 ./Core/Src/button.o
 .debug_macro   0x00000000000010bc       0x6a ./Core/Src/button.o
 .debug_macro   0x0000000000001126      0x1df ./Core/Src/button.o
 .debug_macro   0x0000000000001305       0x1c ./Core/Src/button.o
 .debug_macro   0x0000000000001321       0x22 ./Core/Src/button.o
 .debug_macro   0x0000000000001343       0xc3 ./Core/Src/button.o
 .debug_macro   0x0000000000001406      0xd23 ./Core/Src/button.o
 .debug_macro   0x0000000000002129     0xe09e ./Core/Src/button.o
 .debug_macro   0x00000000000101c7       0x6d ./Core/Src/button.o
 .debug_macro   0x0000000000010234     0x348d ./Core/Src/button.o
 .debug_macro   0x00000000000136c1      0x174 ./Core/Src/button.o
 .debug_macro   0x0000000000013835       0x5c ./Core/Src/button.o
 .debug_macro   0x0000000000013891      0x5bc ./Core/Src/button.o
 .debug_macro   0x0000000000013e4d      0x289 ./Core/Src/button.o
 .debug_macro   0x00000000000140d6      0x1cb ./Core/Src/button.o
 .debug_macro   0x00000000000142a1      0x114 ./Core/Src/button.o
 .debug_macro   0x00000000000143b5      0x1b2 ./Core/Src/button.o
 .debug_macro   0x0000000000014567       0x27 ./Core/Src/button.o
 .debug_macro   0x000000000001458e      0x136 ./Core/Src/button.o
 .debug_macro   0x00000000000146c4      0x1bc ./Core/Src/button.o
 .debug_macro   0x0000000000014880       0x34 ./Core/Src/button.o
 .debug_macro   0x00000000000148b4       0x3c ./Core/Src/button.o
 .debug_macro   0x00000000000148f0       0x57 ./Core/Src/button.o
 .debug_macro   0x0000000000014947       0x87 ./Core/Src/button.o
 .debug_macro   0x00000000000149ce      0x240 ./Core/Src/button.o
 .debug_macro   0x0000000000014c0e      0x140 ./Core/Src/button.o
 .debug_macro   0x0000000000014d4e      0x8ed ./Core/Src/button.o
 .debug_macro   0x000000000001563b       0x83 ./Core/Src/button.o
 .debug_macro   0x00000000000156be       0x88 ./Core/Src/button.o
 .debug_macro   0x0000000000015746       0x1c ./Core/Src/button.o
 .debug_macro   0x0000000000015762      0x1e9 ./Core/Src/fsm_automatic.o
 .debug_macro   0x000000000001594b       0x10 ./Core/Src/fsm_automatic.o
 .debug_macro   0x000000000001595b       0x64 ./Core/Src/fsm_automatic.o
 .debug_macro   0x00000000000159bf      0x1e3 ./Core/Src/fsm_pedestrian.o
 .debug_macro   0x0000000000015ba2      0x1df ./Core/Src/global.o
 .debug_macro   0x0000000000015d81      0x1a8 ./Core/Src/main.o
 .debug_macro   0x0000000000015f29      0x1dd ./Core/Src/myLib.o
 .debug_macro   0x0000000000016106       0x10 ./Core/Src/myLib.o
 .debug_macro   0x0000000000016116       0x22 ./Core/Src/myLib.o
 .debug_macro   0x0000000000016138       0x73 ./Core/Src/software_timer.o
 .debug_macro   0x00000000000161ab      0x1a8 ./Core/Src/stm32f1xx_hal_msp.o
 .debug_macro   0x0000000000016353      0x1b2 ./Core/Src/stm32f1xx_it.o
 .debug_macro   0x0000000000016505      0x199 ./Core/Src/system_stm32f1xx.o
 .debug_macro   0x000000000001669e      0x1bd ./Drivers/STM32F1xx_HAL_Driver/Src/stm32f1xx_hal.o
 .debug_macro   0x000000000001685b      0x199 ./Drivers/STM32F1xx_HAL_Driver/Src/stm32f1xx_hal_cortex.o
 .debug_macro   0x00000000000169f4      0x204 ./Drivers/STM32F1xx_HAL_Driver/Src/stm32f1xx_hal_gpio.o
 .debug_macro   0x0000000000016bf8      0x1ab ./Drivers/STM32F1xx_HAL_Driver/Src/stm32f1xx_hal_rcc.o
 .debug_macro   0x0000000000016da3      0x19a ./Drivers/STM32F1xx_HAL_Driver/Src/stm32f1xx_hal_tim.o
 .debug_macro   0x0000000000016f3d      0x199 ./Drivers/STM32F1xx_HAL_Driver/Src/stm32f1xx_hal_tim_ex.o

.debug_line     0x0000000000000000     0xd294
 .debug_line    0x0000000000000000      0x855 ./Core/Src/button.o
 .debug_line    0x0000000000000855      0x938 ./Core/Src/fsm_automatic.o
 .debug_line    0x000000000000118d      0x85c ./Core/Src/fsm_pedestrian.o
 .debug_line    0x00000000000019e9      0x7d1 ./Core/Src/global.o
 .debug_line    0x00000000000021ba      0x968 ./Core/Src/main.o
 .debug_line    0x0000000000002b22      0x983 ./Core/Src/myLib.o
 .debug_line    0x00000000000034a5      0x55d ./Core/Src/software_timer.o
 .debug_line    0x0000000000003a02      0x848 ./Core/Src/stm32f1xx_hal_msp.o
 .debug_line    0x000000000000424a      0x8b0 ./Core/Src/stm32f1xx_it.o
 .debug_line    0x0000000000004afa      0x83c ./Core/Src/system_stm32f1xx.o
 .debug_line    0x0000000000005336       0x86 ./Core/Startup/startup_stm32f103rbtx.o
 .debug_line    0x00000000000053bc      0xa69 ./Drivers/STM32F1xx_HAL_Driver/Src/stm32f1xx_hal.o
 .debug_line    0x0000000000005e25      0xc51 ./Drivers/STM32F1xx_HAL_Driver/Src/stm32f1xx_hal_cortex.o
 .debug_line    0x0000000000006a76      0xb02 ./Drivers/STM32F1xx_HAL_Driver/Src/stm32f1xx_hal_gpio.o
 .debug_line    0x0000000000007578      0xe75 ./Drivers/STM32F1xx_HAL_Driver/Src/stm32f1xx_hal_rcc.o
 .debug_line    0x00000000000083ed     0x34e8 ./Drivers/STM32F1xx_HAL_Driver/Src/stm32f1xx_hal_tim.o
 .debug_line    0x000000000000b8d5     0x19bf ./Drivers/STM32F1xx_HAL_Driver/Src/stm32f1xx_hal_tim_ex.o

.debug_str      0x0000000000000000    0x8470a
 .debug_str     0x0000000000000000    0x819b2 ./Core/Src/button.o
                                      0x81d05 (size before relaxing)
 .debug_str     0x00000000000819b2      0x25a ./Core/Src/fsm_automatic.o
                                      0x81eac (size before relaxing)
 .debug_str     0x0000000000081c0c       0x2c ./Core/Src/fsm_pedestrian.o
                                      0x81e46 (size before relaxing)
 .debug_str     0x0000000000081c38       0x15 ./Core/Src/global.o
                                      0x81e2f (size before relaxing)
 .debug_str     0x0000000000081c4d      0x761 ./Core/Src/main.o
                                      0x8241e (size before relaxing)
 .debug_str     0x00000000000823ae       0xd2 ./Core/Src/myLib.o
                                      0x823c3 (size before relaxing)
 .debug_str     0x0000000000082480       0x45 ./Core/Src/software_timer.o
                                       0x3d3d (size before relaxing)
 .debug_str     0x00000000000824c5      0x308 ./Core/Src/stm32f1xx_hal_msp.o
                                      0x82468 (size before relaxing)
 .debug_str     0x00000000000827cd       0xdd ./Core/Src/stm32f1xx_it.o
                                      0x82136 (size before relaxing)
 .debug_str     0x00000000000828aa       0x52 ./Core/Src/system_stm32f1xx.o
                                      0x81a8b (size before relaxing)
 .debug_str     0x00000000000828fc       0x36 ./Core/Startup/startup_stm32f103rbtx.o
                                         0x8f (size before relaxing)
 .debug_str     0x0000000000082932      0x304 ./Drivers/STM32F1xx_HAL_Driver/Src/stm32f1xx_hal.o
                                      0x8211c (size before relaxing)
 .debug_str     0x0000000000082c36      0x300 ./Drivers/STM32F1xx_HAL_Driver/Src/stm32f1xx_hal_cortex.o
                                      0x82124 (size before relaxing)
 .debug_str     0x0000000000082f36      0x324 ./Drivers/STM32F1xx_HAL_Driver/Src/stm32f1xx_hal_gpio.o
                                      0x81e4f (size before relaxing)
 .debug_str     0x000000000008325a      0x24f ./Drivers/STM32F1xx_HAL_Driver/Src/stm32f1xx_hal_rcc.o
                                      0x81e88 (size before relaxing)
 .debug_str     0x00000000000834a9      0xd73 ./Drivers/STM32F1xx_HAL_Driver/Src/stm32f1xx_hal_tim.o
                                      0x82e61 (size before relaxing)
 .debug_str     0x000000000008421c      0x4ee ./Drivers/STM32F1xx_HAL_Driver/Src/stm32f1xx_hal_tim_ex.o
                                      0x82612 (size before relaxing)

.comment        0x0000000000000000       0x53
 .comment       0x0000000000000000       0x53 ./Core/Src/button.o
                                         0x54 (size before relaxing)
 .comment       0x0000000000000053       0x54 ./Core/Src/fsm_automatic.o
 .comment       0x0000000000000053       0x54 ./Core/Src/fsm_pedestrian.o
 .comment       0x0000000000000053       0x54 ./Core/Src/global.o
 .comment       0x0000000000000053       0x54 ./Core/Src/main.o
 .comment       0x0000000000000053       0x54 ./Core/Src/myLib.o
 .comment       0x0000000000000053       0x54 ./Core/Src/software_timer.o
 .comment       0x0000000000000053       0x54 ./Core/Src/stm32f1xx_hal_msp.o
 .comment       0x0000000000000053       0x54 ./Core/Src/stm32f1xx_it.o
 .comment       0x0000000000000053       0x54 ./Core/Src/system_stm32f1xx.o
 .comment       0x0000000000000053       0x54 ./Drivers/STM32F1xx_HAL_Driver/Src/stm32f1xx_hal.o
 .comment       0x0000000000000053       0x54 ./Drivers/STM32F1xx_HAL_Driver/Src/stm32f1xx_hal_cortex.o
 .comment       0x0000000000000053       0x54 ./Drivers/STM32F1xx_HAL_Driver/Src/stm32f1xx_hal_gpio.o
 .comment       0x0000000000000053       0x54 ./Drivers/STM32F1xx_HAL_Driver/Src/stm32f1xx_hal_rcc.o
 .comment       0x0000000000000053       0x54 ./Drivers/STM32F1xx_HAL_Driver/Src/stm32f1xx_hal_tim.o
 .comment       0x0000000000000053       0x54 ./Drivers/STM32F1xx_HAL_Driver/Src/stm32f1xx_hal_tim_ex.o

.debug_frame    0x0000000000000000     0x29b4
 .debug_frame   0x0000000000000000       0x84 ./Core/Src/button.o
 .debug_frame   0x0000000000000084       0xb8 ./Core/Src/fsm_automatic.o
 .debug_frame   0x000000000000013c       0x2c ./Core/Src/fsm_pedestrian.o
 .debug_frame   0x0000000000000168       0xf8 ./Core/Src/main.o
 .debug_frame   0x0000000000000260      0x1a0 ./Core/Src/myLib.o
 .debug_frame   0x0000000000000400       0x7c ./Core/Src/software_timer.o
 .debug_frame   0x000000000000047c       0xa4 ./Core/Src/stm32f1xx_hal_msp.o
 .debug_frame   0x0000000000000520      0x13c ./Core/Src/stm32f1xx_it.o
 .debug_frame   0x000000000000065c       0x58 ./Core/Src/system_stm32f1xx.o
 .debug_frame   0x00000000000006b4      0x334 ./Drivers/STM32F1xx_HAL_Driver/Src/stm32f1xx_hal.o
 .debug_frame   0x00000000000009e8      0x428 ./Drivers/STM32F1xx_HAL_Driver/Src/stm32f1xx_hal_cortex.o
 .debug_frame   0x0000000000000e10      0x14c ./Drivers/STM32F1xx_HAL_Driver/Src/stm32f1xx_hal_gpio.o
 .debug_frame   0x0000000000000f5c      0x218 ./Drivers/STM32F1xx_HAL_Driver/Src/stm32f1xx_hal_rcc.o
 .debug_frame   0x0000000000001174     0x11bc ./Drivers/STM32F1xx_HAL_Driver/Src/stm32f1xx_hal_tim.o
 .debug_frame   0x0000000000002330      0x638 ./Drivers/STM32F1xx_HAL_Driver/Src/stm32f1xx_hal_tim_ex.o
 .debug_frame   0x0000000000002968       0x2c c:/trung main/231/microprocessor and microcontroller/lab/stm32cubeide_1.7.0/stm32cubeide/plugins/com.st.stm32cube.ide.mcu.externaltools.gnu-tools-for-stm32.9-2020-q2-update.win32_2.0.0.202105311346/tools/bin/../lib/gcc/arm-none-eabi/9.3.1/../../../../arm-none-eabi/lib/thumb/v7-m/nofp\libc_nano.a(lib_a-init.o)
 .debug_frame   0x0000000000002994       0x20 c:/trung main/231/microprocessor and microcontroller/lab/stm32cubeide_1.7.0/stm32cubeide/plugins/com.st.stm32cube.ide.mcu.externaltools.gnu-tools-for-stm32.9-2020-q2-update.win32_2.0.0.202105311346/tools/bin/../lib/gcc/arm-none-eabi/9.3.1/../../../../arm-none-eabi/lib/thumb/v7-m/nofp\libc_nano.a(lib_a-memset.o)
