Archive member included to satisfy reference by file (symbol)

c:/trung main/231/microprocessor and microcontroller/lab/stm32cubeide_1.7.0/stm32cubeide/plugins/com.st.stm32cube.ide.mcu.externaltools.gnu-tools-for-stm32.9-2020-q2-update.win32_2.0.0.202105311346/tools/bin/../lib/gcc/arm-none-eabi/9.3.1/../../../../arm-none-eabi/lib/thumb/v7-m/nofp\libc_nano.a(lib_a-errno.o)
                              ./Core/Src/syscalls.o (__errno)
c:/trung main/231/microprocessor and microcontroller/lab/stm32cubeide_1.7.0/stm32cubeide/plugins/com.st.stm32cube.ide.mcu.externaltools.gnu-tools-for-stm32.9-2020-q2-update.win32_2.0.0.202105311346/tools/bin/../lib/gcc/arm-none-eabi/9.3.1/../../../../arm-none-eabi/lib/thumb/v7-m/nofp\libc_nano.a(lib_a-exit.o)
                              c:/trung main/231/microprocessor and microcontroller/lab/stm32cubeide_1.7.0/stm32cubeide/plugins/com.st.stm32cube.ide.mcu.externaltools.gnu-tools-for-stm32.9-2020-q2-update.win32_2.0.0.202105311346/tools/bin/../lib/gcc/arm-none-eabi/9.3.1/../../../../arm-none-eabi/lib/thumb/v7-m/nofp/crt0.o (exit)
c:/trung main/231/microprocessor and microcontroller/lab/stm32cubeide_1.7.0/stm32cubeide/plugins/com.st.stm32cube.ide.mcu.externaltools.gnu-tools-for-stm32.9-2020-q2-update.win32_2.0.0.202105311346/tools/bin/../lib/gcc/arm-none-eabi/9.3.1/../../../../arm-none-eabi/lib/thumb/v7-m/nofp\libc_nano.a(lib_a-impure.o)
                              c:/trung main/231/microprocessor and microcontroller/lab/stm32cubeide_1.7.0/stm32cubeide/plugins/com.st.stm32cube.ide.mcu.externaltools.gnu-tools-for-stm32.9-2020-q2-update.win32_2.0.0.202105311346/tools/bin/../lib/gcc/arm-none-eabi/9.3.1/../../../../arm-none-eabi/lib/thumb/v7-m/nofp\libc_nano.a(lib_a-exit.o) (_global_impure_ptr)
c:/trung main/231/microprocessor and microcontroller/lab/stm32cubeide_1.7.0/stm32cubeide/plugins/com.st.stm32cube.ide.mcu.externaltools.gnu-tools-for-stm32.9-2020-q2-update.win32_2.0.0.202105311346/tools/bin/../lib/gcc/arm-none-eabi/9.3.1/../../../../arm-none-eabi/lib/thumb/v7-m/nofp\libc_nano.a(lib_a-init.o)
                              c:/trung main/231/microprocessor and microcontroller/lab/stm32cubeide_1.7.0/stm32cubeide/plugins/com.st.stm32cube.ide.mcu.externaltools.gnu-tools-for-stm32.9-2020-q2-update.win32_2.0.0.202105311346/tools/bin/../lib/gcc/arm-none-eabi/9.3.1/../../../../arm-none-eabi/lib/thumb/v7-m/nofp/crt0.o (__libc_init_array)
c:/trung main/231/microprocessor and microcontroller/lab/stm32cubeide_1.7.0/stm32cubeide/plugins/com.st.stm32cube.ide.mcu.externaltools.gnu-tools-for-stm32.9-2020-q2-update.win32_2.0.0.202105311346/tools/bin/../lib/gcc/arm-none-eabi/9.3.1/../../../../arm-none-eabi/lib/thumb/v7-m/nofp\libc_nano.a(lib_a-memset.o)
                              c:/trung main/231/microprocessor and microcontroller/lab/stm32cubeide_1.7.0/stm32cubeide/plugins/com.st.stm32cube.ide.mcu.externaltools.gnu-tools-for-stm32.9-2020-q2-update.win32_2.0.0.202105311346/tools/bin/../lib/gcc/arm-none-eabi/9.3.1/../../../../arm-none-eabi/lib/thumb/v7-m/nofp/crt0.o (memset)
c:/trung main/231/microprocessor and microcontroller/lab/stm32cubeide_1.7.0/stm32cubeide/plugins/com.st.stm32cube.ide.mcu.externaltools.gnu-tools-for-stm32.9-2020-q2-update.win32_2.0.0.202105311346/tools/bin/../lib/gcc/arm-none-eabi/9.3.1/../../../../arm-none-eabi/lib/thumb/v7-m/nofp\libc_nano.a(lib_a-sprintf.o)
                              ./Core/Src/uart.o (sprintf)
c:/trung main/231/microprocessor and microcontroller/lab/stm32cubeide_1.7.0/stm32cubeide/plugins/com.st.stm32cube.ide.mcu.externaltools.gnu-tools-for-stm32.9-2020-q2-update.win32_2.0.0.202105311346/tools/bin/../lib/gcc/arm-none-eabi/9.3.1/../../../../arm-none-eabi/lib/thumb/v7-m/nofp\libc_nano.a(lib_a-nano-svfprintf.o)
                              c:/trung main/231/microprocessor and microcontroller/lab/stm32cubeide_1.7.0/stm32cubeide/plugins/com.st.stm32cube.ide.mcu.externaltools.gnu-tools-for-stm32.9-2020-q2-update.win32_2.0.0.202105311346/tools/bin/../lib/gcc/arm-none-eabi/9.3.1/../../../../arm-none-eabi/lib/thumb/v7-m/nofp\libc_nano.a(lib_a-sprintf.o) (_svfprintf_r)
c:/trung main/231/microprocessor and microcontroller/lab/stm32cubeide_1.7.0/stm32cubeide/plugins/com.st.stm32cube.ide.mcu.externaltools.gnu-tools-for-stm32.9-2020-q2-update.win32_2.0.0.202105311346/tools/bin/../lib/gcc/arm-none-eabi/9.3.1/../../../../arm-none-eabi/lib/thumb/v7-m/nofp\libc_nano.a(lib_a-nano-vfprintf_i.o)
                              c:/trung main/231/microprocessor and microcontroller/lab/stm32cubeide_1.7.0/stm32cubeide/plugins/com.st.stm32cube.ide.mcu.externaltools.gnu-tools-for-stm32.9-2020-q2-update.win32_2.0.0.202105311346/tools/bin/../lib/gcc/arm-none-eabi/9.3.1/../../../../arm-none-eabi/lib/thumb/v7-m/nofp\libc_nano.a(lib_a-nano-svfprintf.o) (_printf_i)
[...]
Memory Configuration

Name             Origin             Length             Attributes
RAM              0x0000000020000000 0x0000000000005000 xrw
FLASH            0x0000000008000000 0x0000000000020000 xr
*default*        0x0000000000000000 0xffffffffffffffff

Linker script and memory map

LOAD c:/trung main/231/microprocessor and microcontroller/lab/stm32cubeide_1.7.0/stm32cubeide/plugins/com.st.stm32cube.ide.mcu.externaltools.gnu-tools-for-stm32.9-2020-q2-update.win32_2.0.0.202105311346/tools/bin/../lib/gcc/arm-none-eabi/9.3.1/thumb/v7-m/nofp/crti.o
LOAD c:/trung main/231/microprocessor and microcontroller/lab/stm32cubeide_1.7.0/stm32cubeide/plugins/com.st.stm32cube.ide.mcu.externaltools.gnu-tools-for-stm32.9-2020-q2-update.win32_2.0.0.202105311346/tools/bin/../lib/gcc/arm-none-eabi/9.3.1/thumb/v7-m/nofp/crtbegin.o
LOAD c:/trung main/231/microprocessor and microcontroller/lab/stm32cubeide_1.7.0/stm32cubeide/plugins/com.st.stm32cube.ide.mcu.externaltools.gnu-tools-for-stm32.9-2020-q2-update.win32_2.0.0.202105311346/tools/bin/../lib/gcc/arm-none-eabi/9.3.1/../../../../arm-none-eabi/lib/thumb/v7-m/nofp/crt0.o
LOAD ./Core/Src/button.o
LOAD ./Core/Src/fsm_automatic.o
LOAD ./Core/Src/fsm_manual.o
LOAD ./Core/Src/fsm_pedestrian.o
LOAD ./Core/Src/fsm_tuning.o
LOAD ./Core/Src/global.o
LOAD ./Core/Src/main.o
LOAD ./Core/Src/myLib.o
LOAD ./Core/Src/software_timer.o
LOAD ./Core/Src/stm32f1xx_hal_msp.o
LOAD ./Core/Src/stm32f1xx_it.o
LOAD ./Core/Src/syscalls.o
LOAD ./Core/Src/sysmem.o
LOAD ./Core/Src/system_stm32f1xx.o
LOAD ./Core/Src/uart.o
LOAD ./Core/Startup/startup_stm32f103rbtx.o
LOAD ./Drivers/STM32F1xx_HAL_Driver/Src/stm32f1xx_hal.o
LOAD ./Drivers/STM32F1xx_HAL_Driver/Src/stm32f1xx_hal_cortex.o
LOAD ./Drivers/STM32F1xx_HAL_Driver/Src/stm32f1xx_hal_dma.o
LOAD ./Drivers/STM32F1xx_HAL_Driver/Src/stm32f1xx_hal_exti.o
LOAD ./Drivers/STM32F1xx_HAL_Driver/Src/stm32f1xx_hal_flash.o
LOAD ./Drivers/STM32F1xx_HAL_Driver/Src/stm32f1xx_hal_flash_ex.o
LOAD ./Drivers/STM32F1xx_HAL_Driver/Src/stm32f1xx_hal_gpio.o
LOAD ./Drivers/STM32F1xx_HAL_Driver/Src/stm32f1xx_hal_gpio_ex.o
LOAD ./Drivers/STM32F1xx_HAL_Driver/Src/stm32f1xx_hal_pwr.o
LOAD ./Drivers/STM32F1xx_HAL_Driver/Src/stm32f1xx_hal_rcc.o
LOAD ./Drivers/STM32F1xx_HAL_Driver/Src/stm32f1xx_hal_rcc_ex.o
LOAD ./Drivers/STM32F1xx_HAL_Driver/Src/stm32f1xx_hal_tim.o
LOAD ./Drivers/STM32F1xx_HAL_Driver/Src/stm32f1xx_hal_tim_ex.o
LOAD ./Drivers/STM32F1xx_HAL_Driver/Src/stm32f1xx_hal_uart.o
START GROUP
LOAD c:/trung main/231/microprocessor and microcontroller/lab/stm32cubeide_1.7.0/stm32cubeide/plugins/com.st.stm32cube.ide.mcu.externaltools.gnu-tools-for-stm32.9-2020-q2-update.win32_2.0.0.202105311346/tools/bin/../lib/gcc/arm-none-eabi/9.3.1/../../../../arm-none-eabi/lib/thumb/v7-m/nofp\libc_nano.a
LOAD c:/trung main/231/microprocessor and microcontroller/lab/stm32cubeide_1.7.0/stm32cubeide/plugins/com.st.stm32cube.ide.mcu.externaltools.gnu-tools-for-stm32.9-2020-q2-update.win32_2.0.0.202105311346/tools/bin/../lib/gcc/arm-none-eabi/9.3.1/../../../../arm-none-eabi/lib/thumb/v7-m/nofp\libm.a
END GROUP
START GROUP
LOAD c:/trung main/231/microprocessor and microcontroller/lab/stm32cubeide_1.7.0/stm32cubeide/plugins/com.st.stm32cube.ide.mcu.externaltools.gnu-tools-for-stm32.9-2020-q2-update.win32_2.0.0.202105311346/tools/bin/../lib/gcc/arm-none-eabi/9.3.1/thumb/v7-m/nofp\libgcc.a
LOAD c:/trung main/231/microprocessor and microcontroller/lab/stm32cubeide_1.7.0/stm32cubeide/plugins/com.st.stm32cube.ide.mcu.externaltools.gnu-tools-for-stm32.9-2020-q2-update.win32_2.0.0.202105311346/tools/bin/../lib/gcc/arm-none-eabi/9.3.1/../../../../arm-none-eabi/lib/thumb/v7-m/nofp\libc_nano.a
END GROUP
START GROUP
LOAD c:/trung main/231/microprocessor and microcontroller/lab/stm32cubeide_1.7.0/stm32cubeide/plugins/com.st.stm32cube.ide.mcu.externaltools.gnu-tools-for-stm32.9-2020-q2-update.win32_2.0.0.202105311346/tools/bin/../lib/gcc/arm-none-eabi/9.3.1/thumb/v7-m/nofp\libgcc.a
LOAD c:/trung main/231/microprocessor and microcontroller/lab/stm32cubeide_1.7.0/stm32cubeide/plugins/com.st.stm32cube.ide.mcu.externaltools.gnu-tools-for-stm32.9-2020-q2-update.win32_2.0.0.202105311346/tools/bin/../lib/gcc/arm-none-eabi/9.3.1/../../../../arm-none-eabi/lib/thumb/v7-m/nofp\libc_nano.a
LOAD c:/trung main/231/microprocessor and microcontroller/lab/stm32cubeide_1.7.0/stm32cubeide/plugins/com.st.stm32cube.ide.mcu.externaltools.gnu-tools-for-stm32.9-2020-q2-update.win32_2.0.0.202105311346/tools/bin/../lib/gcc/arm-none-eabi/9.3.1/../../../../arm-none-eabi/lib/thumb/v7-m/nofp\libnosys.a
END GROUP
START GROUP
LOAD c:/trung main/231/microprocessor and microcontroller/lab/stm32cubeide_1.7.0/stm32cubeide/plugins/com.st.stm32cube.ide.mcu.externaltools.gnu-tools-for-stm32.9-2020-q2-update.win32_2.0.0.202105311346/tools/bin/../lib/gcc/arm-none-eabi/9.3.1/thumb/v7-m/nofp\libgcc.a
LOAD c:/trung main/231/microprocessor and microcontroller/lab/stm32cubeide_1.7.0/stm32cubeide/plugins/com.st.stm32cube.ide.mcu.externaltools.gnu-tools-for-stm32.9-2020-q2-update.win32_2.0.0.202105311346/tools/bin/../lib/gcc/arm-none-eabi/9.3.1/../../../../arm-none-eabi/lib/thumb/v7-m/nofp\libc_nano.a
LOAD c:/trung main/231/microprocessor and microcontroller/lab/stm32cubeide_1.7.0/stm32cubeide/plugins/com.st.stm32cube.ide.mcu.externaltools.gnu-tools-for-stm32.9-2020-q2-update.win32_2.0.0.202105311346/tools/bin/../lib/gcc/arm-none-eabi/9.3.1/../../../../arm-none-eabi/lib/thumb/v7-m/nofp\libnosys.a
END GROUP
LOAD c:/trung main/231/microprocessor and microcontroller/lab/stm32cubeide_1.7.0/stm32cubeide/plugins/com.st.stm32cube.ide.mcu.externaltools.gnu-tools-for-stm32.9-2020-q2-update.win32_2.0.0.202105311346/tools/bin/../lib/gcc/arm-none-eabi/9.3.1/thumb/v7-m/nofp/crtend.o
LOAD c:/trung main/231/microprocessor and microcontroller/lab/stm32cubeide_1.7.0/stm32cubeide/plugins/com.st.stm32cube.ide.mcu.externaltools.gnu-tools-for-stm32.9-2020-q2-update.win32_2.0.0.202105311346/tools/bin/../lib/gcc/arm-none-eabi/9.3.1/thumb/v7-m/nofp/crtn.o
                0x0000000020005000                _estack = (ORIGIN (RAM) + LENGTH (RAM))
                0x0000000000000200                _Min_Heap_Size = 0x200
                0x0000000000000400                _Min_Stack_Size = 0x400

.isr_vector     0x0000000008000000      0x10c
                0x0000000008000000                . = ALIGN (0x4)
 *(.isr_vector)
 .isr_vector    0x0000000008000000      0x10c ./Core/Startup/startup_stm32f103rbtx.o
                0x0000000008000000                g_pfnVectors
                0x000000000800010c                . = ALIGN (0x4)

.text           0x000000000800010c     0x4cfc
                0x000000000800010c                . = ALIGN (0x4)
 *(.text)
 .text          0x000000000800010c       0x40 c:/trung main/231/microprocessor and microcontroller/lab/stm32cubeide_1.7.0/stm32cubeide/plugins/com.st.stm32cube.ide.mcu.externaltools.gnu-tools-for-stm32.9-2020-q2-update.win32_2.0.0.202105311346/tools/bin/../lib/gcc/arm-none-eabi/9.3.1/thumb/v7-m/nofp/crtbegin.o
 *(.text*)
 .text.isButtonPressed
                0x000000000800014c       0x34 ./Core/Src/button.o
                0x000000000800014c                isButtonPressed
 .text.subKeyProcess
                0x0000000008000180       0x20 ./Core/Src/button.o
                0x0000000008000180                subKeyProcess
 .text.getKeyInput
                0x00000000080001a0      0x100 ./Core/Src/button.o
                0x00000000080001a0                getKeyInput
 .text.redGreenLed
                0x00000000080002a0       0x10 ./Core/Src/fsm_automatic.o
                0x00000000080002a0                redGreenLed
 .text.redAmberLed
                0x00000000080002b0       0x10 ./Core/Src/fsm_automatic.o
                0x00000000080002b0                redAmberLed
 .text.greenRedLed
                0x00000000080002c0       0x10 ./Core/Src/fsm_automatic.o
                0x00000000080002c0                greenRedLed
 .text.amberRedLed
                0x00000000080002d0       0x10 ./Core/Src/fsm_automatic.o
                0x00000000080002d0                amberRedLed
 .text.countDown
                0x00000000080002e0       0x64 ./Core/Src/fsm_automatic.o
                0x00000000080002e0                countDown
 .text.fsm_automatic_run
                0x0000000008000344      0x2c4 ./Core/Src/fsm_automatic.o
                0x0000000008000344                fsm_automatic_run
 .text.manual_fsm_run
                0x0000000008000608      0x15c ./Core/Src/fsm_manual.o
                0x0000000008000608                manual_fsm_run
 .text.fsm_pedestrian
                0x0000000008000764       0xd0 ./Core/Src/fsm_pedestrian.o
                0x0000000008000764                fsm_pedestrian
 .text.fsm_tuning_run
                0x0000000008000834      0x298 ./Core/Src/fsm_tuning.o
                0x0000000008000834                fsm_tuning_run
 .text.HAL_UART_RxCpltCallback
                0x0000000008000acc       0x74 ./Core/Src/main.o
                0x0000000008000acc                HAL_UART_RxCpltCallback
 .text.main     0x0000000008000b40       0x6c ./Core/Src/main.o
                0x0000000008000b40                main
 .text.SystemClock_Config
                0x0000000008000bac       0x78 ./Core/Src/main.o
                0x0000000008000bac                SystemClock_Config
 .text.MX_TIM2_Init
                0x0000000008000c24       0xa0 ./Core/Src/main.o
 .text.MX_TIM3_Init
                0x0000000008000cc4       0xec ./Core/Src/main.o
 .text.MX_USART2_UART_Init
                0x0000000008000db0       0x54 ./Core/Src/main.o
 .text.MX_GPIO_Init
                0x0000000008000e04       0xdc ./Core/Src/main.o
 .text.HAL_TIM_PeriodElapsedCallback
                0x0000000008000ee0       0x2c ./Core/Src/main.o
                0x0000000008000ee0                HAL_TIM_PeriodElapsedCallback
 .text.Error_Handler
                0x0000000008000f0c        0xa ./Core/Src/main.o
                0x0000000008000f0c                Error_Handler
 *fill*         0x0000000008000f16        0x2 
 .text.updateLedBuffer
                0x0000000008000f18       0x80 ./Core/Src/myLib.o
                0x0000000008000f18                updateLedBuffer
 .text.clearTrafficLight
                0x0000000008000f98       0x3c ./Core/Src/myLib.o
                0x0000000008000f98                clearTrafficLight
 .text.onAmber1
                0x0000000008000fd4       0x28 ./Core/Src/myLib.o
                0x0000000008000fd4                onAmber1
 .text.onRed1   0x0000000008000ffc       0x28 ./Core/Src/myLib.o
                0x0000000008000ffc                onRed1
 .text.onGreen1
                0x0000000008001024       0x28 ./Core/Src/myLib.o
                0x0000000008001024                onGreen1
 .text.onAmber2
                0x000000000800104c       0x20 ./Core/Src/myLib.o
                0x000000000800104c                onAmber2
 .text.onRed2   0x000000000800106c       0x20 ./Core/Src/myLib.o
                0x000000000800106c                onRed2
 .text.onGreen2
                0x000000000800108c       0x20 ./Core/Src/myLib.o
                0x000000000800108c                onGreen2
 .text.onGreenPedes
                0x00000000080010ac       0x28 ./Core/Src/myLib.o
                0x00000000080010ac                onGreenPedes
 .text.onRedPedes
                0x00000000080010d4       0x28 ./Core/Src/myLib.o
                0x00000000080010d4                onRedPedes
 .text.clearPedesLed
                0x00000000080010fc       0x28 ./Core/Src/myLib.o
                0x00000000080010fc                clearPedesLed
 .text.clearled
                0x0000000008001124       0x3c ./Core/Src/myLib.o
                0x0000000008001124                clearled
 .text.buzzer_on
                0x0000000008001160       0xb8 ./Core/Src/myLib.o
                0x0000000008001160                buzzer_on
 .text.buzzer_off
                0x0000000008001218       0x18 ./Core/Src/myLib.o
                0x0000000008001218                buzzer_off
 .text.setTimer
                0x0000000008001230       0x34 ./Core/Src/software_timer.o
                0x0000000008001230                setTimer
 .text.timerRun
                0x0000000008001264       0x50 ./Core/Src/software_timer.o
                0x0000000008001264                timerRun
 .text.timer_run
                0x00000000080012b4       0x38 ./Core/Src/software_timer.o
                0x00000000080012b4                timer_run
 .text.HAL_MspInit
                0x00000000080012ec       0x64 ./Core/Src/stm32f1xx_hal_msp.o
                0x00000000080012ec                HAL_MspInit
 .text.HAL_TIM_Base_MspInit
                0x0000000008001350       0x80 ./Core/Src/stm32f1xx_hal_msp.o
                0x0000000008001350                HAL_TIM_Base_MspInit
 .text.HAL_TIM_MspPostInit
                0x00000000080013d0       0x64 ./Core/Src/stm32f1xx_hal_msp.o
                0x00000000080013d0                HAL_TIM_MspPostInit
 .text.HAL_UART_MspInit
                0x0000000008001434       0xa4 ./Core/Src/stm32f1xx_hal_msp.o
                0x0000000008001434                HAL_UART_MspInit
 .text.NMI_Handler
                0x00000000080014d8        0x6 ./Core/Src/stm32f1xx_it.o
                0x00000000080014d8                NMI_Handler
 .text.HardFault_Handler
                0x00000000080014de        0x6 ./Core/Src/stm32f1xx_it.o
                0x00000000080014de                HardFault_Handler
 .text.MemManage_Handler
                0x00000000080014e4        0x6 ./Core/Src/stm32f1xx_it.o
                0x00000000080014e4                MemManage_Handler
 .text.BusFault_Handler
                0x00000000080014ea        0x6 ./Core/Src/stm32f1xx_it.o
                0x00000000080014ea                BusFault_Handler
 .text.UsageFault_Handler
                0x00000000080014f0        0x6 ./Core/Src/stm32f1xx_it.o
                0x00000000080014f0                UsageFault_Handler
 .text.SVC_Handler
                0x00000000080014f6        0xc ./Core/Src/stm32f1xx_it.o
                0x00000000080014f6                SVC_Handler
 .text.DebugMon_Handler
                0x0000000008001502        0xc ./Core/Src/stm32f1xx_it.o
                0x0000000008001502                DebugMon_Handler
 .text.PendSV_Handler
                0x000000000800150e        0xc ./Core/Src/stm32f1xx_it.o
                0x000000000800150e                PendSV_Handler
 .text.SysTick_Handler
                0x000000000800151a        0xc ./Core/Src/stm32f1xx_it.o
                0x000000000800151a                SysTick_Handler
 *fill*         0x0000000008001526        0x2 
 .text.TIM2_IRQHandler
                0x0000000008001528       0x14 ./Core/Src/stm32f1xx_it.o
                0x0000000008001528                TIM2_IRQHandler
 .text.TIM3_IRQHandler
                0x000000000800153c       0x14 ./Core/Src/stm32f1xx_it.o
                0x000000000800153c                TIM3_IRQHandler
 .text.USART2_IRQHandler
                0x0000000008001550       0x14 ./Core/Src/stm32f1xx_it.o
                0x0000000008001550                USART2_IRQHandler
 .text._sbrk    0x0000000008001564       0x6c ./Core/Src/sysmem.o
                0x0000000008001564                _sbrk
 .text.SystemInit
                0x00000000080015d0        0xc ./Core/Src/system_stm32f1xx.o
                0x00000000080015d0                SystemInit
 .text.clear_buffer
                0x00000000080015dc       0x20 ./Core/Src/uart.o
                0x00000000080015dc                clear_buffer
 .text.isOKreceived
                0x00000000080015fc       0x30 ./Core/Src/uart.o
                0x00000000080015fc                isOKreceived
 .text.uart_transmit
                0x000000000800162c      0x27c ./Core/Src/uart.o
                0x000000000800162c                uart_transmit
 .text.uart_communication_fsm
                0x00000000080018a8       0x70 ./Core/Src/uart.o
                0x00000000080018a8                uart_communication_fsm
 .text.Reset_Handler
                0x0000000008001918       0x48 ./Core/Startup/startup_stm32f103rbtx.o
                0x0000000008001918                Reset_Handler
 .text.Default_Handler
                0x0000000008001960        0x2 ./Core/Startup/startup_stm32f103rbtx.o
                0x0000000008001960                RTC_Alarm_IRQHandler
                0x0000000008001960                EXTI2_IRQHandler
                0x0000000008001960                TIM1_CC_IRQHandler
                0x0000000008001960                PVD_IRQHandler
                0x0000000008001960                EXTI3_IRQHandler
                0x0000000008001960                EXTI0_IRQHandler
                0x0000000008001960                I2C2_EV_IRQHandler
                0x0000000008001960                ADC1_2_IRQHandler
                0x0000000008001960                SPI1_IRQHandler
                0x0000000008001960                TAMPER_IRQHandler
                0x0000000008001960                DMA1_Channel4_IRQHandler
                0x0000000008001960                USART3_IRQHandler
                0x0000000008001960                RTC_IRQHandler
                0x0000000008001960                DMA1_Channel7_IRQHandler
                0x0000000008001960                CAN1_RX1_IRQHandler
                0x0000000008001960                TIM4_IRQHandler
                0x0000000008001960                I2C1_EV_IRQHandler
                0x0000000008001960                DMA1_Channel6_IRQHandler
                0x0000000008001960                RCC_IRQHandler
                0x0000000008001960                TIM1_TRG_COM_IRQHandler
                0x0000000008001960                DMA1_Channel1_IRQHandler
                0x0000000008001960                Default_Handler
                0x0000000008001960                EXTI15_10_IRQHandler
                0x0000000008001960                EXTI9_5_IRQHandler
                0x0000000008001960                SPI2_IRQHandler
                0x0000000008001960                DMA1_Channel5_IRQHandler
                0x0000000008001960                EXTI4_IRQHandler
                0x0000000008001960                USB_LP_CAN1_RX0_IRQHandler
                0x0000000008001960                USB_HP_CAN1_TX_IRQHandler
                0x0000000008001960                DMA1_Channel3_IRQHandler
                0x0000000008001960                TIM1_UP_IRQHandler
                0x0000000008001960                WWDG_IRQHandler
                0x0000000008001960                TIM1_BRK_IRQHandler
                0x0000000008001960                EXTI1_IRQHandler
                0x0000000008001960                I2C2_ER_IRQHandler
                0x0000000008001960                DMA1_Channel2_IRQHandler
                0x0000000008001960                CAN1_SCE_IRQHandler
                0x0000000008001960                FLASH_IRQHandler
                0x0000000008001960                USART1_IRQHandler
                0x0000000008001960                I2C1_ER_IRQHandler
                0x0000000008001960                USBWakeUp_IRQHandler
 *fill*         0x0000000008001962        0x2 
 .text.HAL_Init
                0x0000000008001964       0x2c ./Drivers/STM32F1xx_HAL_Driver/Src/stm32f1xx_hal.o
                0x0000000008001964                HAL_Init
 .text.HAL_InitTick
                0x0000000008001990       0x60 ./Drivers/STM32F1xx_HAL_Driver/Src/stm32f1xx_hal.o
                0x0000000008001990                HAL_InitTick
 .text.HAL_IncTick
                0x00000000080019f0       0x24 ./Drivers/STM32F1xx_HAL_Driver/Src/stm32f1xx_hal.o
                0x00000000080019f0                HAL_IncTick
 .text.HAL_GetTick
                0x0000000008001a14       0x14 ./Drivers/STM32F1xx_HAL_Driver/Src/stm32f1xx_hal.o
                0x0000000008001a14                HAL_GetTick
 .text.__NVIC_SetPriorityGrouping
                0x0000000008001a28       0x48 ./Drivers/STM32F1xx_HAL_Driver/Src/stm32f1xx_hal_cortex.o
 .text.__NVIC_GetPriorityGrouping
                0x0000000008001a70       0x1c ./Drivers/STM32F1xx_HAL_Driver/Src/stm32f1xx_hal_cortex.o
 .text.__NVIC_EnableIRQ
                0x0000000008001a8c       0x38 ./Drivers/STM32F1xx_HAL_Driver/Src/stm32f1xx_hal_cortex.o
 .text.__NVIC_SetPriority
                0x0000000008001ac4       0x54 ./Drivers/STM32F1xx_HAL_Driver/Src/stm32f1xx_hal_cortex.o
 .text.NVIC_EncodePriority
                0x0000000008001b18       0x64 ./Drivers/STM32F1xx_HAL_Driver/Src/stm32f1xx_hal_cortex.o
 .text.SysTick_Config
                0x0000000008001b7c       0x44 ./Drivers/STM32F1xx_HAL_Driver/Src/stm32f1xx_hal_cortex.o
 .text.HAL_NVIC_SetPriorityGrouping
                0x0000000008001bc0       0x16 ./Drivers/STM32F1xx_HAL_Driver/Src/stm32f1xx_hal_cortex.o
                0x0000000008001bc0                HAL_NVIC_SetPriorityGrouping
 .text.HAL_NVIC_SetPriority
                0x0000000008001bd6       0x38 ./Drivers/STM32F1xx_HAL_Driver/Src/stm32f1xx_hal_cortex.o
                0x0000000008001bd6                HAL_NVIC_SetPriority
 .text.HAL_NVIC_EnableIRQ
                0x0000000008001c0e       0x1c ./Drivers/STM32F1xx_HAL_Driver/Src/stm32f1xx_hal_cortex.o
                0x0000000008001c0e                HAL_NVIC_EnableIRQ
 .text.HAL_SYSTICK_Config
                0x0000000008001c2a       0x18 ./Drivers/STM32F1xx_HAL_Driver/Src/stm32f1xx_hal_cortex.o
                0x0000000008001c2a                HAL_SYSTICK_Config
 .text.HAL_DMA_Abort
                0x0000000008001c42       0x76 ./Drivers/STM32F1xx_HAL_Driver/Src/stm32f1xx_hal_dma.o
                0x0000000008001c42                HAL_DMA_Abort
 .text.HAL_DMA_Abort_IT
                0x0000000008001cb8       0xf0 ./Drivers/STM32F1xx_HAL_Driver/Src/stm32f1xx_hal_dma.o
                0x0000000008001cb8                HAL_DMA_Abort_IT
 .text.HAL_GPIO_Init
                0x0000000008001da8      0x308 ./Drivers/STM32F1xx_HAL_Driver/Src/stm32f1xx_hal_gpio.o
                0x0000000008001da8                HAL_GPIO_Init
 .text.HAL_GPIO_ReadPin
                0x00000000080020b0       0x2e ./Drivers/STM32F1xx_HAL_Driver/Src/stm32f1xx_hal_gpio.o
                0x00000000080020b0                HAL_GPIO_ReadPin
 .text.HAL_GPIO_WritePin
                0x00000000080020de       0x30 ./Drivers/STM32F1xx_HAL_Driver/Src/stm32f1xx_hal_gpio.o
                0x00000000080020de                HAL_GPIO_WritePin
 .text.HAL_GPIO_TogglePin
                0x000000000800210e       0x32 ./Drivers/STM32F1xx_HAL_Driver/Src/stm32f1xx_hal_gpio.o
                0x000000000800210e                HAL_GPIO_TogglePin
 .text.HAL_RCC_OscConfig
                0x0000000008002140      0x500 ./Drivers/STM32F1xx_HAL_Driver/Src/stm32f1xx_hal_rcc.o
                0x0000000008002140                HAL_RCC_OscConfig
 .text.HAL_RCC_ClockConfig
                0x0000000008002640      0x1d4 ./Drivers/STM32F1xx_HAL_Driver/Src/stm32f1xx_hal_rcc.o
                0x0000000008002640                HAL_RCC_ClockConfig
 .text.HAL_RCC_GetSysClockFreq
                0x0000000008002814       0xa8 ./Drivers/STM32F1xx_HAL_Driver/Src/stm32f1xx_hal_rcc.o
                0x0000000008002814                HAL_RCC_GetSysClockFreq
 .text.HAL_RCC_GetHCLKFreq
                0x00000000080028bc       0x14 ./Drivers/STM32F1xx_HAL_Driver/Src/stm32f1xx_hal_rcc.o
                0x00000000080028bc                HAL_RCC_GetHCLKFreq
 .text.HAL_RCC_GetPCLK1Freq
                0x00000000080028d0       0x28 ./Drivers/STM32F1xx_HAL_Driver/Src/stm32f1xx_hal_rcc.o
                0x00000000080028d0                HAL_RCC_GetPCLK1Freq
 .text.HAL_RCC_GetPCLK2Freq
                0x00000000080028f8       0x28 ./Drivers/STM32F1xx_HAL_Driver/Src/stm32f1xx_hal_rcc.o
                0x00000000080028f8                HAL_RCC_GetPCLK2Freq
 .text.RCC_Delay
                0x0000000008002920       0x3c ./Drivers/STM32F1xx_HAL_Driver/Src/stm32f1xx_hal_rcc.o
 .text.HAL_TIM_Base_Init
                0x000000000800295c       0x9e ./Drivers/STM32F1xx_HAL_Driver/Src/stm32f1xx_hal_tim.o
                0x000000000800295c                HAL_TIM_Base_Init
 *fill*         0x00000000080029fa        0x2 
 .text.HAL_TIM_Base_Start_IT
                0x00000000080029fc       0xa4 ./Drivers/STM32F1xx_HAL_Driver/Src/stm32f1xx_hal_tim.o
                0x00000000080029fc                HAL_TIM_Base_Start_IT
 .text.HAL_TIM_PWM_Init
                0x0000000008002aa0       0x9e ./Drivers/STM32F1xx_HAL_Driver/Src/stm32f1xx_hal_tim.o
                0x0000000008002aa0                HAL_TIM_PWM_Init
 .text.HAL_TIM_PWM_MspInit
                0x0000000008002b3e       0x12 ./Drivers/STM32F1xx_HAL_Driver/Src/stm32f1xx_hal_tim.o
                0x0000000008002b3e                HAL_TIM_PWM_MspInit
 .text.HAL_TIM_PWM_Start
                0x0000000008002b50      0x144 ./Drivers/STM32F1xx_HAL_Driver/Src/stm32f1xx_hal_tim.o
                0x0000000008002b50                HAL_TIM_PWM_Start
 .text.HAL_TIM_IRQHandler
                0x0000000008002c94      0x210 ./Drivers/STM32F1xx_HAL_Driver/Src/stm32f1xx_hal_tim.o
                0x0000000008002c94                HAL_TIM_IRQHandler
 .text.HAL_TIM_PWM_ConfigChannel
                0x0000000008002ea4      0x184 ./Drivers/STM32F1xx_HAL_Driver/Src/stm32f1xx_hal_tim.o
                0x0000000008002ea4                HAL_TIM_PWM_ConfigChannel
 .text.HAL_TIM_ConfigClockSource
                0x0000000008003028      0x18e ./Drivers/STM32F1xx_HAL_Driver/Src/stm32f1xx_hal_tim.o
                0x0000000008003028                HAL_TIM_ConfigClockSource
 .text.HAL_TIM_OC_DelayElapsedCallback
                0x00000000080031b6       0x12 ./Drivers/STM32F1xx_HAL_Driver/Src/stm32f1xx_hal_tim.o
                0x00000000080031b6                HAL_TIM_OC_DelayElapsedCallback
 .text.HAL_TIM_IC_CaptureCallback
                0x00000000080031c8       0x12 ./Drivers/STM32F1xx_HAL_Driver/Src/stm32f1xx_hal_tim.o
                0x00000000080031c8                HAL_TIM_IC_CaptureCallback
 .text.HAL_TIM_PWM_PulseFinishedCallback
                0x00000000080031da       0x12 ./Drivers/STM32F1xx_HAL_Driver/Src/stm32f1xx_hal_tim.o
                0x00000000080031da                HAL_TIM_PWM_PulseFinishedCallback
 .text.HAL_TIM_TriggerCallback
                0x00000000080031ec       0x12 ./Drivers/STM32F1xx_HAL_Driver/Src/stm32f1xx_hal_tim.o
                0x00000000080031ec                HAL_TIM_TriggerCallback
 *fill*         0x00000000080031fe        0x2 
 .text.TIM_Base_SetConfig
                0x0000000008003200       0xc4 ./Drivers/STM32F1xx_HAL_Driver/Src/stm32f1xx_hal_tim.o
                0x0000000008003200                TIM_Base_SetConfig
 .text.TIM_OC1_SetConfig
                0x00000000080032c4       0xcc ./Drivers/STM32F1xx_HAL_Driver/Src/stm32f1xx_hal_tim.o
 .text.TIM_OC2_SetConfig
                0x0000000008003390       0xd4 ./Drivers/STM32F1xx_HAL_Driver/Src/stm32f1xx_hal_tim.o
                0x0000000008003390                TIM_OC2_SetConfig
 .text.TIM_OC3_SetConfig
                0x0000000008003464       0xd4 ./Drivers/STM32F1xx_HAL_Driver/Src/stm32f1xx_hal_tim.o
 .text.TIM_OC4_SetConfig
                0x0000000008003538       0x9c ./Drivers/STM32F1xx_HAL_Driver/Src/stm32f1xx_hal_tim.o
 .text.TIM_TI1_ConfigInputStage
                0x00000000080035d4       0x5c ./Drivers/STM32F1xx_HAL_Driver/Src/stm32f1xx_hal_tim.o
 .text.TIM_TI2_ConfigInputStage
                0x0000000008003630       0x5e ./Drivers/STM32F1xx_HAL_Driver/Src/stm32f1xx_hal_tim.o
 .text.TIM_ITRx_SetConfig
                0x000000000800368e       0x34 ./Drivers/STM32F1xx_HAL_Driver/Src/stm32f1xx_hal_tim.o
 .text.TIM_ETR_SetConfig
                0x00000000080036c2       0x3e ./Drivers/STM32F1xx_HAL_Driver/Src/stm32f1xx_hal_tim.o
                0x00000000080036c2                TIM_ETR_SetConfig
 .text.TIM_CCxChannelCmd
                0x0000000008003700       0x48 ./Drivers/STM32F1xx_HAL_Driver/Src/stm32f1xx_hal_tim.o
                0x0000000008003700                TIM_CCxChannelCmd
 .text.HAL_TIMEx_MasterConfigSynchronization
                0x0000000008003748       0xbc ./Drivers/STM32F1xx_HAL_Driver/Src/stm32f1xx_hal_tim_ex.o
                0x0000000008003748                HAL_TIMEx_MasterConfigSynchronization
 .text.HAL_TIMEx_CommutCallback
                0x0000000008003804       0x12 ./Drivers/STM32F1xx_HAL_Driver/Src/stm32f1xx_hal_tim_ex.o
                0x0000000008003804                HAL_TIMEx_CommutCallback
 .text.HAL_TIMEx_BreakCallback
                0x0000000008003816       0x12 ./Drivers/STM32F1xx_HAL_Driver/Src/stm32f1xx_hal_tim_ex.o
                0x0000000008003816                HAL_TIMEx_BreakCallback
 .text.HAL_UART_Init
                0x0000000008003828       0xa0 ./Drivers/STM32F1xx_HAL_Driver/Src/stm32f1xx_hal_uart.o
                0x0000000008003828                HAL_UART_Init
 .text.HAL_UART_Transmit
                0x00000000080038c8      0x106 ./Drivers/STM32F1xx_HAL_Driver/Src/stm32f1xx_hal_uart.o
                0x00000000080038c8                HAL_UART_Transmit
 .text.HAL_UART_Receive_IT
                0x00000000080039ce       0x4a ./Drivers/STM32F1xx_HAL_Driver/Src/stm32f1xx_hal_uart.o
                0x00000000080039ce                HAL_UART_Receive_IT
 .text.HAL_UART_IRQHandler
                0x0000000008003a18      0x524 ./Drivers/STM32F1xx_HAL_Driver/Src/stm32f1xx_hal_uart.o
                0x0000000008003a18                HAL_UART_IRQHandler
 .text.HAL_UART_TxCpltCallback
                0x0000000008003f3c       0x12 ./Drivers/STM32F1xx_HAL_Driver/Src/stm32f1xx_hal_uart.o
                0x0000000008003f3c                HAL_UART_TxCpltCallback
 .text.HAL_UART_ErrorCallback
                0x0000000008003f4e       0x12 ./Drivers/STM32F1xx_HAL_Driver/Src/stm32f1xx_hal_uart.o
                0x0000000008003f4e                HAL_UART_ErrorCallback
 .text.HAL_UARTEx_RxEventCallback
                0x0000000008003f60       0x16 ./Drivers/STM32F1xx_HAL_Driver/Src/stm32f1xx_hal_uart.o
                0x0000000008003f60                HAL_UARTEx_RxEventCallback
 .text.UART_WaitOnFlagUntilTimeout
                0x0000000008003f76       0xdc ./Drivers/STM32F1xx_HAL_Driver/Src/stm32f1xx_hal_uart.o
 .text.UART_Start_Receive_IT
                0x0000000008004052       0x72 ./Drivers/STM32F1xx_HAL_Driver/Src/stm32f1xx_hal_uart.o
                0x0000000008004052                UART_Start_Receive_IT
 .text.UART_EndRxTransfer
                0x00000000080040c4       0xc4 ./Drivers/STM32F1xx_HAL_Driver/Src/stm32f1xx_hal_uart.o
 .text.UART_DMAAbortOnError
                0x0000000008004188       0x28 ./Drivers/STM32F1xx_HAL_Driver/Src/stm32f1xx_hal_uart.o
 .text.UART_Transmit_IT
                0x00000000080041b0       0x9e ./Drivers/STM32F1xx_HAL_Driver/Src/stm32f1xx_hal_uart.o
 .text.UART_EndTransmit_IT
                0x000000000800424e       0x30 ./Drivers/STM32F1xx_HAL_Driver/Src/stm32f1xx_hal_uart.o
 .text.UART_Receive_IT
                0x000000000800427e      0x17c ./Drivers/STM32F1xx_HAL_Driver/Src/stm32f1xx_hal_uart.o
 *fill*         0x00000000080043fa        0x2 
 .text.UART_SetConfig
                0x00000000080043fc      0x11c ./Drivers/STM32F1xx_HAL_Driver/Src/stm32f1xx_hal_uart.o
 .text.__errno  0x0000000008004518        0xc c:/trung main/231/microprocessor and microcontroller/lab/stm32cubeide_1.7.0/stm32cubeide/plugins/com.st.stm32cube.ide.mcu.externaltools.gnu-tools-for-stm32.9-2020-q2-update.win32_2.0.0.202105311346/tools/bin/../lib/gcc/arm-none-eabi/9.3.1/../../../../arm-none-eabi/lib/thumb/v7-m/nofp\libc_nano.a(lib_a-errno.o)
                0x0000000008004518                __errno
 .text.__libc_init_array
                0x0000000008004524       0x48 c:/trung main/231/microprocessor and microcontroller/lab/stm32cubeide_1.7.0/stm32cubeide/plugins/com.st.stm32cube.ide.mcu.externaltools.gnu-tools-for-stm32.9-2020-q2-update.win32_2.0.0.202105311346/tools/bin/../lib/gcc/arm-none-eabi/9.3.1/../../../../arm-none-eabi/lib/thumb/v7-m/nofp\libc_nano.a(lib_a-init.o)
                0x0000000008004524                __libc_init_array
 .text.memset   0x000000000800456c       0x10 c:/trung main/231/microprocessor and microcontroller/lab/stm32cubeide_1.7.0/stm32cubeide/plugins/com.st.stm32cube.ide.mcu.externaltools.gnu-tools-for-stm32.9-2020-q2-update.win32_2.0.0.202105311346/tools/bin/../lib/gcc/arm-none-eabi/9.3.1/../../../../arm-none-eabi/lib/thumb/v7-m/nofp\libc_nano.a(lib_a-memset.o)
                0x000000000800456c                memset
 .text.sprintf  0x000000000800457c       0x40 c:/trung main/231/microprocessor and microcontroller/lab/stm32cubeide_1.7.0/stm32cubeide/plugins/com.st.stm32cube.ide.mcu.externaltools.gnu-tools-for-stm32.9-2020-q2-update.win32_2.0.0.202105311346/tools/bin/../lib/gcc/arm-none-eabi/9.3.1/../../../../arm-none-eabi/lib/thumb/v7-m/nofp\libc_nano.a(lib_a-sprintf.o)
                0x000000000800457c                siprintf
                0x000000000800457c                sprintf
 .text.__ssputs_r
                0x00000000080045bc       0xb6 c:/trung main/231/microprocessor and microcontroller/lab/stm32cubeide_1.7.0/stm32cubeide/plugins/com.st.stm32cube.ide.mcu.externaltools.gnu-tools-for-stm32.9-2020-q2-update.win32_2.0.0.202105311346/tools/bin/../lib/gcc/arm-none-eabi/9.3.1/../../../../arm-none-eabi/lib/thumb/v7-m/nofp\libc_nano.a(lib_a-nano-svfprintf.o)
                0x00000000080045bc                __ssputs_r
 *fill*         0x0000000008004672        0x2 
 .text._svfprintf_r
                0x0000000008004674      0x200 c:/trung main/231/microprocessor and microcontroller/lab/stm32cubeide_1.7.0/stm32cubeide/plugins/com.st.stm32cube.ide.mcu.externaltools.gnu-tools-for-stm32.9-2020-q2-update.win32_2.0.0.202105311346/tools/bin/../lib/gcc/arm-none-eabi/9.3.1/../../../../arm-none-eabi/lib/thumb/v7-m/nofp\libc_nano.a(lib_a-nano-svfprintf.o)
                0x0000000008004674                _svfiprintf_r
                0x0000000008004674                _svfprintf_r
 .text._printf_common
                0x0000000008004874       0xde c:/trung main/231/microprocessor and microcontroller/lab/stm32cubeide_1.7.0/stm32cubeide/plugins/com.st.stm32cube.ide.mcu.externaltools.gnu-tools-for-stm32.9-2020-q2-update.win32_2.0.0.202105311346/tools/bin/../lib/gcc/arm-none-eabi/9.3.1/../../../../arm-none-eabi/lib/thumb/v7-m/nofp\libc_nano.a(lib_a-nano-vfprintf_i.o)
                0x0000000008004874                _printf_common
 *fill*         0x0000000008004952        0x2 
 .text._printf_i
                0x0000000008004954      0x24c c:/trung main/231/microprocessor and microcontroller/lab/stm32cubeide_1.7.0/stm32cubeide/plugins/com.st.stm32cube.ide.mcu.externaltools.gnu-tools-for-stm32.9-2020-q2-update.win32_2.0.0.202105311346/tools/bin/../lib/gcc/arm-none-eabi/9.3.1/../../../../arm-none-eabi/lib/thumb/v7-m/nofp\libc_nano.a(lib_a-nano-vfprintf_i.o)
                0x0000000008004954                _printf_i
 .text.memchr   0x0000000008004ba0       0x1c c:/trung main/231/microprocessor and microcontroller/lab/stm32cubeide_1.7.0/stm32cubeide/plugins/com.st.stm32cube.ide.mcu.externaltools.gnu-tools-for-stm32.9-2020-q2-update.win32_2.0.0.202105311346/tools/bin/../lib/gcc/arm-none-eabi/9.3.1/../../../../arm-none-eabi/lib/thumb/v7-m/nofp\libc_nano.a(lib_a-memchr-stub.o)
                0x0000000008004ba0                memchr
 .text.memcpy   0x0000000008004bbc       0x1c c:/trung main/231/microprocessor and microcontroller/lab/stm32cubeide_1.7.0/stm32cubeide/plugins/com.st.stm32cube.ide.mcu.externaltools.gnu-tools-for-stm32.9-2020-q2-update.win32_2.0.0.202105311346/tools/bin/../lib/gcc/arm-none-eabi/9.3.1/../../../../arm-none-eabi/lib/thumb/v7-m/nofp\libc_nano.a(lib_a-memcpy-stub.o)
                0x0000000008004bbc                memcpy
 .text.memmove  0x0000000008004bd8       0x34 c:/trung main/231/microprocessor and microcontroller/lab/stm32cubeide_1.7.0/stm32cubeide/plugins/com.st.stm32cube.ide.mcu.externaltools.gnu-tools-for-stm32.9-2020-q2-update.win32_2.0.0.202105311346/tools/bin/../lib/gcc/arm-none-eabi/9.3.1/../../../../arm-none-eabi/lib/thumb/v7-m/nofp\libc_nano.a(lib_a-memmove.o)
                0x0000000008004bd8                memmove
 .text._free_r  0x0000000008004c0c       0x98 c:/trung main/231/microprocessor and microcontroller/lab/stm32cubeide_1.7.0/stm32cubeide/plugins/com.st.stm32cube.ide.mcu.externaltools.gnu-tools-for-stm32.9-2020-q2-update.win32_2.0.0.202105311346/tools/bin/../lib/gcc/arm-none-eabi/9.3.1/../../../../arm-none-eabi/lib/thumb/v7-m/nofp\libc_nano.a(lib_a-nano-freer.o)
                0x0000000008004c0c                _free_r
 .text._malloc_r
                0x0000000008004ca4       0xb4 c:/trung main/231/microprocessor and microcontroller/lab/stm32cubeide_1.7.0/stm32cubeide/plugins/com.st.stm32cube.ide.mcu.externaltools.gnu-tools-for-stm32.9-2020-q2-update.win32_2.0.0.202105311346/tools/bin/../lib/gcc/arm-none-eabi/9.3.1/../../../../arm-none-eabi/lib/thumb/v7-m/nofp\libc_nano.a(lib_a-nano-mallocr.o)
                0x0000000008004ca4                _malloc_r
 .text._realloc_r
                0x0000000008004d58       0x4c c:/trung main/231/microprocessor and microcontroller/lab/stm32cubeide_1.7.0/stm32cubeide/plugins/com.st.stm32cube.ide.mcu.externaltools.gnu-tools-for-stm32.9-2020-q2-update.win32_2.0.0.202105311346/tools/bin/../lib/gcc/arm-none-eabi/9.3.1/../../../../arm-none-eabi/lib/thumb/v7-m/nofp\libc_nano.a(lib_a-nano-reallocr.o)
                0x0000000008004d58                _realloc_r
 .text._sbrk_r  0x0000000008004da4       0x20 c:/trung main/231/microprocessor and microcontroller/lab/stm32cubeide_1.7.0/stm32cubeide/plugins/com.st.stm32cube.ide.mcu.externaltools.gnu-tools-for-stm32.9-2020-q2-update.win32_2.0.0.202105311346/tools/bin/../lib/gcc/arm-none-eabi/9.3.1/../../../../arm-none-eabi/lib/thumb/v7-m/nofp\libc_nano.a(lib_a-sbrkr.o)
                0x0000000008004da4                _sbrk_r
 .text.__malloc_lock
                0x0000000008004dc4        0xc c:/trung main/231/microprocessor and microcontroller/lab/stm32cubeide_1.7.0/stm32cubeide/plugins/com.st.stm32cube.ide.mcu.externaltools.gnu-tools-for-stm32.9-2020-q2-update.win32_2.0.0.202105311346/tools/bin/../lib/gcc/arm-none-eabi/9.3.1/../../../../arm-none-eabi/lib/thumb/v7-m/nofp\libc_nano.a(lib_a-mlock.o)
                0x0000000008004dc4                __malloc_lock
 .text.__malloc_unlock
                0x0000000008004dd0        0xc c:/trung main/231/microprocessor and microcontroller/lab/stm32cubeide_1.7.0/stm32cubeide/plugins/com.st.stm32cube.ide.mcu.externaltools.gnu-tools-for-stm32.9-2020-q2-update.win32_2.0.0.202105311346/tools/bin/../lib/gcc/arm-none-eabi/9.3.1/../../../../arm-none-eabi/lib/thumb/v7-m/nofp\libc_nano.a(lib_a-mlock.o)
                0x0000000008004dd0                __malloc_unlock
 .text._malloc_usable_size_r
                0x0000000008004ddc       0x10 c:/trung main/231/microprocessor and microcontroller/lab/stm32cubeide_1.7.0/stm32cubeide/plugins/com.st.stm32cube.ide.mcu.externaltools.gnu-tools-for-stm32.9-2020-q2-update.win32_2.0.0.202105311346/tools/bin/../lib/gcc/arm-none-eabi/9.3.1/../../../../arm-none-eabi/lib/thumb/v7-m/nofp\libc_nano.a(lib_a-nano-msizer.o)
                0x0000000008004ddc                _malloc_usable_size_r
 .text.__retarget_lock_acquire_recursive
                0x0000000008004dec        0x2 c:/trung main/231/microprocessor and microcontroller/lab/stm32cubeide_1.7.0/stm32cubeide/plugins/com.st.stm32cube.ide.mcu.externaltools.gnu-tools-for-stm32.9-2020-q2-update.win32_2.0.0.202105311346/tools/bin/../lib/gcc/arm-none-eabi/9.3.1/../../../../arm-none-eabi/lib/thumb/v7-m/nofp\libc_nano.a(lib_a-lock.o)
                0x0000000008004dec                __retarget_lock_acquire_recursive
 .text.__retarget_lock_release_recursive
                0x0000000008004dee        0x2 c:/trung main/231/microprocessor and microcontroller/lab/stm32cubeide_1.7.0/stm32cubeide/plugins/com.st.stm32cube.ide.mcu.externaltools.gnu-tools-for-stm32.9-2020-q2-update.win32_2.0.0.202105311346/tools/bin/../lib/gcc/arm-none-eabi/9.3.1/../../../../arm-none-eabi/lib/thumb/v7-m/nofp\libc_nano.a(lib_a-lock.o)
                0x0000000008004dee                __retarget_lock_release_recursive
 *(.glue_7)
 .glue_7        0x0000000008004df0        0x0 linker stubs
 *(.glue_7t)
 .glue_7t       0x0000000008004df0        0x0 linker stubs
 *(.eh_frame)
 .eh_frame      0x0000000008004df0        0x0 c:/trung main/231/microprocessor and microcontroller/lab/stm32cubeide_1.7.0/stm32cubeide/plugins/com.st.stm32cube.ide.mcu.externaltools.gnu-tools-for-stm32.9-2020-q2-update.win32_2.0.0.202105311346/tools/bin/../lib/gcc/arm-none-eabi/9.3.1/thumb/v7-m/nofp/crtbegin.o
 *(.init)
 .init          0x0000000008004df0        0x4 c:/trung main/231/microprocessor and microcontroller/lab/stm32cubeide_1.7.0/stm32cubeide/plugins/com.st.stm32cube.ide.mcu.externaltools.gnu-tools-for-stm32.9-2020-q2-update.win32_2.0.0.202105311346/tools/bin/../lib/gcc/arm-none-eabi/9.3.1/thumb/v7-m/nofp/crti.o
                0x0000000008004df0                _init
 .init          0x0000000008004df4        0x8 c:/trung main/231/microprocessor and microcontroller/lab/stm32cubeide_1.7.0/stm32cubeide/plugins/com.st.stm32cube.ide.mcu.externaltools.gnu-tools-for-stm32.9-2020-q2-update.win32_2.0.0.202105311346/tools/bin/../lib/gcc/arm-none-eabi/9.3.1/thumb/v7-m/nofp/crtn.o
 *(.fini)
 .fini          0x0000000008004dfc        0x4 c:/trung main/231/microprocessor and microcontroller/lab/stm32cubeide_1.7.0/stm32cubeide/plugins/com.st.stm32cube.ide.mcu.externaltools.gnu-tools-for-stm32.9-2020-q2-update.win32_2.0.0.202105311346/tools/bin/../lib/gcc/arm-none-eabi/9.3.1/thumb/v7-m/nofp/crti.o
                0x0000000008004dfc                _fini
 .fini          0x0000000008004e00        0x8 c:/trung main/231/microprocessor and microcontroller/lab/stm32cubeide_1.7.0/stm32cubeide/plugins/com.st.stm32cube.ide.mcu.externaltools.gnu-tools-for-stm32.9-2020-q2-update.win32_2.0.0.202105311346/tools/bin/../lib/gcc/arm-none-eabi/9.3.1/thumb/v7-m/nofp/crtn.o
                0x0000000008004e08                . = ALIGN (0x4)
                0x0000000008004e08                _etext = .

.vfp11_veneer   0x0000000008004e08        0x0
 .vfp11_veneer  0x0000000008004e08        0x0 linker stubs

.v4_bx          0x0000000008004e08        0x0
 .v4_bx         0x0000000008004e08        0x0 linker stubs

.iplt           0x0000000008004e08        0x0
 .iplt          0x0000000008004e08        0x0 c:/trung main/231/microprocessor and microcontroller/lab/stm32cubeide_1.7.0/stm32cubeide/plugins/com.st.stm32cube.ide.mcu.externaltools.gnu-tools-for-stm32.9-2020-q2-update.win32_2.0.0.202105311346/tools/bin/../lib/gcc/arm-none-eabi/9.3.1/thumb/v7-m/nofp/crtbegin.o

.rodata         0x0000000008004e08      0x124
                0x0000000008004e08                . = ALIGN (0x4)
 *(.rodata)
 .rodata        0x0000000008004e08       0xc2 ./Core/Src/uart.o
 *(.rodata*)
 *fill*         0x0000000008004eca        0x2 
 .rodata.AHBPrescTable
                0x0000000008004ecc       0x10 ./Core/Src/system_stm32f1xx.o
                0x0000000008004ecc                AHBPrescTable
 .rodata.APBPrescTable
                0x0000000008004edc        0x8 ./Core/Src/system_stm32f1xx.o
                0x0000000008004edc                APBPrescTable
 .rodata.aPLLMULFactorTable.6196
                0x0000000008004ee4       0x10 ./Drivers/STM32F1xx_HAL_Driver/Src/stm32f1xx_hal_rcc.o
 .rodata.aPredivFactorTable.6197
                0x0000000008004ef4        0x2 ./Drivers/STM32F1xx_HAL_Driver/Src/stm32f1xx_hal_rcc.o
 .rodata._svfprintf_r.str1.1
                0x0000000008004ef6       0x11 c:/trung main/231/microprocessor and microcontroller/lab/stm32cubeide_1.7.0/stm32cubeide/plugins/com.st.stm32cube.ide.mcu.externaltools.gnu-tools-for-stm32.9-2020-q2-update.win32_2.0.0.202105311346/tools/bin/../lib/gcc/arm-none-eabi/9.3.1/../../../../arm-none-eabi/lib/thumb/v7-m/nofp\libc_nano.a(lib_a-nano-svfprintf.o)
 .rodata._printf_i.str1.1
                0x0000000008004f07       0x22 c:/trung main/231/microprocessor and microcontroller/lab/stm32cubeide_1.7.0/stm32cubeide/plugins/com.st.stm32cube.ide.mcu.externaltools.gnu-tools-for-stm32.9-2020-q2-update.win32_2.0.0.202105311346/tools/bin/../lib/gcc/arm-none-eabi/9.3.1/../../../../arm-none-eabi/lib/thumb/v7-m/nofp\libc_nano.a(lib_a-nano-vfprintf_i.o)
                0x0000000008004f2c                . = ALIGN (0x4)
 *fill*         0x0000000008004f29        0x3 

.rel.dyn        0x0000000008004f2c        0x0
 .rel.iplt      0x0000000008004f2c        0x0 c:/trung main/231/microprocessor and microcontroller/lab/stm32cubeide_1.7.0/stm32cubeide/plugins/com.st.stm32cube.ide.mcu.externaltools.gnu-tools-for-stm32.9-2020-q2-update.win32_2.0.0.202105311346/tools/bin/../lib/gcc/arm-none-eabi/9.3.1/thumb/v7-m/nofp/crtbegin.o

.ARM.extab      0x0000000008004f2c        0x0
                0x0000000008004f2c                . = ALIGN (0x4)
 *(.ARM.extab* .gnu.linkonce.armextab.*)
                0x0000000008004f2c                . = ALIGN (0x4)

.ARM            0x0000000008004f2c        0x0
                0x0000000008004f2c                . = ALIGN (0x4)
                0x0000000008004f2c                __exidx_start = .
 *(.ARM.exidx*)
                0x0000000008004f2c                __exidx_end = .
                0x0000000008004f2c                . = ALIGN (0x4)

.preinit_array  0x0000000008004f2c        0x0
                0x0000000008004f2c                . = ALIGN (0x4)
                0x0000000008004f2c                PROVIDE (__preinit_array_start = .)
 *(.preinit_array*)
                0x0000000008004f2c                PROVIDE (__preinit_array_end = .)
                0x0000000008004f2c                . = ALIGN (0x4)

.init_array     0x0000000008004f2c        0x4
                0x0000000008004f2c                . = ALIGN (0x4)
                0x0000000008004f2c                PROVIDE (__init_array_start = .)
 *(SORT_BY_NAME(.init_array.*))
 *(.init_array*)
 .init_array    0x0000000008004f2c        0x4 c:/trung main/231/microprocessor and microcontroller/lab/stm32cubeide_1.7.0/stm32cubeide/plugins/com.st.stm32cube.ide.mcu.externaltools.gnu-tools-for-stm32.9-2020-q2-update.win32_2.0.0.202105311346/tools/bin/../lib/gcc/arm-none-eabi/9.3.1/thumb/v7-m/nofp/crtbegin.o
                0x0000000008004f30                PROVIDE (__init_array_end = .)
                0x0000000008004f30                . = ALIGN (0x4)

.fini_array     0x0000000008004f30        0x4
                0x0000000008004f30                . = ALIGN (0x4)
                [!provide]                        PROVIDE (__fini_array_start = .)
 *(SORT_BY_NAME(.fini_array.*))
 *(.fini_array*)
 .fini_array    0x0000000008004f30        0x4 c:/trung main/231/microprocessor and microcontroller/lab/stm32cubeide_1.7.0/stm32cubeide/plugins/com.st.stm32cube.ide.mcu.externaltools.gnu-tools-for-stm32.9-2020-q2-update.win32_2.0.0.202105311346/tools/bin/../lib/gcc/arm-none-eabi/9.3.1/thumb/v7-m/nofp/crtbegin.o
                [!provide]                        PROVIDE (__fini_array_end = .)
                0x0000000008004f34                . = ALIGN (0x4)
                0x0000000008004f34                _sidata = LOADADDR (.data)

.data           0x0000000020000000       0xfc load address 0x0000000008004f34
                0x0000000020000000                . = ALIGN (0x4)
                0x0000000020000000                _sdata = .
 *(.data)
 *(.data*)
 .data.button_pin
                0x0000000020000000       0x20 ./Core/Src/button.o
                0x0000000020000000                button_pin
 .data.keyReg0  0x0000000020000020       0x10 ./Core/Src/button.o
                0x0000000020000020                keyReg0
 .data.keyReg1  0x0000000020000030       0x10 ./Core/Src/button.o
                0x0000000020000030                keyReg1
 .data.keyReg2  0x0000000020000040       0x10 ./Core/Src/button.o
                0x0000000020000040                keyReg2
 .data.keyReg3  0x0000000020000050       0x10 ./Core/Src/button.o
                0x0000000020000050                keyReg3
 .data.timerForKeyPress
                0x0000000020000060       0x10 ./Core/Src/button.o
                0x0000000020000060                timerForKeyPress
 .data.status   0x0000000020000070        0x4 ./Core/Src/global.o
                0x0000000020000070                status
 .data.status_pedestrian
                0x0000000020000074        0x4 ./Core/Src/global.o
                0x0000000020000074                status_pedestrian
 .data.realAmberTime
                0x0000000020000078        0x4 ./Core/Src/myLib.o
                0x0000000020000078                realAmberTime
 .data.realGreenTime
                0x000000002000007c        0x4 ./Core/Src/myLib.o
                0x000000002000007c                realGreenTime
 .data.realRedTime
                0x0000000020000080        0x4 ./Core/Src/myLib.o
                0x0000000020000080                realRedTime
 .data.SystemCoreClock
                0x0000000020000084        0x4 ./Core/Src/system_stm32f1xx.o
                0x0000000020000084                SystemCoreClock
 .data.cp_state
                0x0000000020000088        0x4 ./Core/Src/uart.o
                0x0000000020000088                cp_state
 .data.cm_state
                0x000000002000008c        0x4 ./Core/Src/uart.o
                0x000000002000008c                cm_state
 .data.uwTickPrio
                0x0000000020000090        0x4 ./Drivers/STM32F1xx_HAL_Driver/Src/stm32f1xx_hal.o
                0x0000000020000090                uwTickPrio
 .data.uwTickFreq
                0x0000000020000094        0x1 ./Drivers/STM32F1xx_HAL_Driver/Src/stm32f1xx_hal.o
                0x0000000020000094                uwTickFreq
 *fill*         0x0000000020000095        0x3 
 .data._impure_ptr
                0x0000000020000098        0x4 c:/trung main/231/microprocessor and microcontroller/lab/stm32cubeide_1.7.0/stm32cubeide/plugins/com.st.stm32cube.ide.mcu.externaltools.gnu-tools-for-stm32.9-2020-q2-update.win32_2.0.0.202105311346/tools/bin/../lib/gcc/arm-none-eabi/9.3.1/../../../../arm-none-eabi/lib/thumb/v7-m/nofp\libc_nano.a(lib_a-impure.o)
                0x0000000020000098                _impure_ptr
 .data.impure_data
                0x000000002000009c       0x60 c:/trung main/231/microprocessor and microcontroller/lab/stm32cubeide_1.7.0/stm32cubeide/plugins/com.st.stm32cube.ide.mcu.externaltools.gnu-tools-for-stm32.9-2020-q2-update.win32_2.0.0.202105311346/tools/bin/../lib/gcc/arm-none-eabi/9.3.1/../../../../arm-none-eabi/lib/thumb/v7-m/nofp\libc_nano.a(lib_a-impure.o)
 *(.RamFunc)
 *(.RamFunc*)
                0x00000000200000fc                . = ALIGN (0x4)
                0x00000000200000fc                _edata = .

.igot.plt       0x00000000200000fc        0x0 load address 0x0000000008005030
 .igot.plt      0x00000000200000fc        0x0 c:/trung main/231/microprocessor and microcontroller/lab/stm32cubeide_1.7.0/stm32cubeide/plugins/com.st.stm32cube.ide.mcu.externaltools.gnu-tools-for-stm32.9-2020-q2-update.win32_2.0.0.202105311346/tools/bin/../lib/gcc/arm-none-eabi/9.3.1/thumb/v7-m/nofp/crtbegin.o
                0x00000000200000fc                . = ALIGN (0x4)

.bss            0x00000000200000fc      0x234 load address 0x0000000008005030
                0x00000000200000fc                _sbss = .
                0x00000000200000fc                __bss_start__ = _sbss
 *(.bss)
 .bss           0x00000000200000fc       0x1c c:/trung main/231/microprocessor and microcontroller/lab/stm32cubeide_1.7.0/stm32cubeide/plugins/com.st.stm32cube.ide.mcu.externaltools.gnu-tools-for-stm32.9-2020-q2-update.win32_2.0.0.202105311346/tools/bin/../lib/gcc/arm-none-eabi/9.3.1/thumb/v7-m/nofp/crtbegin.o
 *(.bss*)
 .bss.button_flag
                0x0000000020000118       0x10 ./Core/Src/button.o
                0x0000000020000118                button_flag
 .bss.amberTime
                0x0000000020000128        0x4 ./Core/Src/fsm_automatic.o
                0x0000000020000128                amberTime
 .bss.greenTime
                0x000000002000012c        0x4 ./Core/Src/fsm_automatic.o
                0x000000002000012c                greenTime
 .bss.led13     0x0000000020000130        0x4 ./Core/Src/fsm_automatic.o
                0x0000000020000130                led13
 .bss.led24     0x0000000020000134        0x4 ./Core/Src/fsm_automatic.o
                0x0000000020000134                led24
 .bss.amber_on  0x0000000020000138        0x4 ./Core/Src/fsm_tuning.o
                0x0000000020000138                amber_on
 .bss.buzzer_flag
                0x000000002000013c        0x4 ./Core/Src/global.o
                0x000000002000013c                buzzer_flag
 .bss.b         0x0000000020000140        0x4 ./Core/Src/global.o
                0x0000000020000140                b
 .bss.led_buffer
                0x0000000020000144       0x10 ./Core/Src/myLib.o
                0x0000000020000144                led_buffer
 .bss.currentLed13
                0x0000000020000154        0x4 ./Core/Src/myLib.o
                0x0000000020000154                currentLed13
 .bss.currentLed24
                0x0000000020000158        0x4 ./Core/Src/myLib.o
                0x0000000020000158                currentLed24
 .bss.duty      0x000000002000015c        0x4 ./Core/Src/myLib.o
                0x000000002000015c                duty
 .bss.timerCounter
                0x0000000020000160       0x14 ./Core/Src/software_timer.o
                0x0000000020000160                timerCounter
 .bss.timerFlag
                0x0000000020000174        0xa ./Core/Src/software_timer.o
                0x0000000020000174                timerFlag
 *fill*         0x000000002000017e        0x2 
 .bss.__sbrk_heap_end
                0x0000000020000180        0x4 ./Core/Src/sysmem.o
 .bss.ADC_value
                0x0000000020000184        0x4 ./Core/Src/uart.o
                0x0000000020000184                ADC_value
 .bss.ADC_value2
                0x0000000020000188        0x4 ./Core/Src/uart.o
                0x0000000020000188                ADC_value2
 .bss.temp      0x000000002000018c        0x1 ./Core/Src/uart.o
                0x000000002000018c                temp
 .bss.index_buffer
                0x000000002000018d        0x1 ./Core/Src/uart.o
                0x000000002000018d                index_buffer
 .bss.buffer_flag
                0x000000002000018e        0x1 ./Core/Src/uart.o
                0x000000002000018e                buffer_flag
 *fill*         0x000000002000018f        0x1 
 .bss.command_flag
                0x0000000020000190        0x4 ./Core/Src/uart.o
                0x0000000020000190                command_flag
 .bss.__malloc_free_list
                0x0000000020000194        0x4 c:/trung main/231/microprocessor and microcontroller/lab/stm32cubeide_1.7.0/stm32cubeide/plugins/com.st.stm32cube.ide.mcu.externaltools.gnu-tools-for-stm32.9-2020-q2-update.win32_2.0.0.202105311346/tools/bin/../lib/gcc/arm-none-eabi/9.3.1/../../../../arm-none-eabi/lib/thumb/v7-m/nofp\libc_nano.a(lib_a-nano-mallocr.o)
                0x0000000020000194                __malloc_free_list
 .bss.__malloc_sbrk_start
                0x0000000020000198        0x4 c:/trung main/231/microprocessor and microcontroller/lab/stm32cubeide_1.7.0/stm32cubeide/plugins/com.st.stm32cube.ide.mcu.externaltools.gnu-tools-for-stm32.9-2020-q2-update.win32_2.0.0.202105311346/tools/bin/../lib/gcc/arm-none-eabi/9.3.1/../../../../arm-none-eabi/lib/thumb/v7-m/nofp\libc_nano.a(lib_a-nano-mallocr.o)
                0x0000000020000198                __malloc_sbrk_start
 *(COMMON)
 COMMON         0x000000002000019c       0xd8 ./Core/Src/main.o
                0x000000002000019c                htim3
                0x00000000200001e4                htim2
                0x000000002000022c                huart2
 COMMON         0x0000000020000274        0x4 ./Core/Src/myLib.o
                0x0000000020000274                time_buzzer
 COMMON         0x0000000020000278       0xa4 ./Core/Src/uart.o
                0x0000000020000278                command_data
                0x0000000020000298                uart_buffer
                0x00000000200002b8                str
 COMMON         0x000000002000031c        0x4 ./Drivers/STM32F1xx_HAL_Driver/Src/stm32f1xx_hal.o
                0x000000002000031c                uwTick
 COMMON         0x0000000020000320        0x4 c:/trung main/231/microprocessor and microcontroller/lab/stm32cubeide_1.7.0/stm32cubeide/plugins/com.st.stm32cube.ide.mcu.externaltools.gnu-tools-for-stm32.9-2020-q2-update.win32_2.0.0.202105311346/tools/bin/../lib/gcc/arm-none-eabi/9.3.1/../../../../arm-none-eabi/lib/thumb/v7-m/nofp\libc_nano.a(lib_a-reent.o)
                0x0000000020000320                errno
 COMMON         0x0000000020000324        0x9 c:/trung main/231/microprocessor and microcontroller/lab/stm32cubeide_1.7.0/stm32cubeide/plugins/com.st.stm32cube.ide.mcu.externaltools.gnu-tools-for-stm32.9-2020-q2-update.win32_2.0.0.202105311346/tools/bin/../lib/gcc/arm-none-eabi/9.3.1/../../../../arm-none-eabi/lib/thumb/v7-m/nofp\libc_nano.a(lib_a-lock.o)
                0x0000000020000324                __lock___atexit_recursive_mutex
                0x0000000020000325                __lock___arc4random_mutex
                0x0000000020000326                __lock___env_recursive_mutex
                0x0000000020000327                __lock___sinit_recursive_mutex
                0x0000000020000328                __lock___malloc_recursive_mutex
                0x0000000020000329                __lock___at_quick_exit_mutex
                0x000000002000032a                __lock___dd_hash_mutex
                0x000000002000032b                __lock___tz_mutex
                0x000000002000032c                __lock___sfp_recursive_mutex
                0x0000000020000330                . = ALIGN (0x4)
 *fill*         0x000000002000032d        0x3 
                0x0000000020000330                _ebss = .
                0x0000000020000330                __bss_end__ = _ebss

._user_heap_stack
                0x0000000020000330      0x600 load address 0x0000000008005030
                0x0000000020000330                . = ALIGN (0x8)
                [!provide]                        PROVIDE (end = .)
                0x0000000020000330                PROVIDE (_end = .)
                0x0000000020000530                . = (. + _Min_Heap_Size)
 *fill*         0x0000000020000330      0x200 
                0x0000000020000930                . = (. + _Min_Stack_Size)
 *fill*         0x0000000020000530      0x400 
                0x0000000020000930                . = ALIGN (0x8)

/DISCARD/
 libc.a(*)
 libm.a(*)
 libgcc.a(*)

.ARM.attributes
                0x0000000000000000       0x29
 *(.ARM.attributes)
 .ARM.attributes
                0x0000000000000000       0x1d c:/trung main/231/microprocessor and microcontroller/lab/stm32cubeide_1.7.0/stm32cubeide/plugins/com.st.stm32cube.ide.mcu.externaltools.gnu-tools-for-stm32.9-2020-q2-update.win32_2.0.0.202105311346/tools/bin/../lib/gcc/arm-none-eabi/9.3.1/thumb/v7-m/nofp/crti.o
 .ARM.attributes
                0x000000000000001d       0x2d c:/trung main/231/microprocessor and microcontroller/lab/stm32cubeide_1.7.0/stm32cubeide/plugins/com.st.stm32cube.ide.mcu.externaltools.gnu-tools-for-stm32.9-2020-q2-update.win32_2.0.0.202105311346/tools/bin/../lib/gcc/arm-none-eabi/9.3.1/thumb/v7-m/nofp/crtbegin.o
 .ARM.attributes
                0x000000000000004a       0x2d ./Core/Src/button.o
 .ARM.attributes
                0x0000000000000077       0x2d ./Core/Src/fsm_automatic.o
 .ARM.attributes
                0x00000000000000a4       0x2d ./Core/Src/fsm_manual.o
 .ARM.attributes
                0x00000000000000d1       0x2d ./Core/Src/fsm_pedestrian.o
 .ARM.attributes
                0x00000000000000fe       0x2d ./Core/Src/fsm_tuning.o
 .ARM.attributes
                0x000000000000012b       0x33 ./Core/Src/global.o
 .ARM.attributes
                0x000000000000015e       0x2d ./Core/Src/main.o
 .ARM.attributes
                0x000000000000018b       0x2d ./Core/Src/myLib.o
 .ARM.attributes
                0x00000000000001b8       0x2d ./Core/Src/software_timer.o
 .ARM.attributes
                0x00000000000001e5       0x2d ./Core/Src/stm32f1xx_hal_msp.o
 .ARM.attributes
                0x0000000000000212       0x2d ./Core/Src/stm32f1xx_it.o
 .ARM.attributes
                0x000000000000023f       0x2d ./Core/Src/sysmem.o
 .ARM.attributes
                0x000000000000026c       0x2d ./Core/Src/system_stm32f1xx.o
 .ARM.attributes
                0x0000000000000299       0x2d ./Core/Src/uart.o
 .ARM.attributes
                0x00000000000002c6       0x21 ./Core/Startup/startup_stm32f103rbtx.o
 .ARM.attributes
                0x00000000000002e7       0x2d ./Drivers/STM32F1xx_HAL_Driver/Src/stm32f1xx_hal.o
 .ARM.attributes
                0x0000000000000314       0x2d ./Drivers/STM32F1xx_HAL_Driver/Src/stm32f1xx_hal_cortex.o
 .ARM.attributes
                0x0000000000000341       0x2d ./Drivers/STM32F1xx_HAL_Driver/Src/stm32f1xx_hal_dma.o
 .ARM.attributes
                0x000000000000036e       0x2d ./Drivers/STM32F1xx_HAL_Driver/Src/stm32f1xx_hal_gpio.o
 .ARM.attributes
                0x000000000000039b       0x2d ./Drivers/STM32F1xx_HAL_Driver/Src/stm32f1xx_hal_rcc.o
 .ARM.attributes
                0x00000000000003c8       0x2d ./Drivers/STM32F1xx_HAL_Driver/Src/stm32f1xx_hal_tim.o
 .ARM.attributes
                0x00000000000003f5       0x2d ./Drivers/STM32F1xx_HAL_Driver/Src/stm32f1xx_hal_tim_ex.o
 .ARM.attributes
                0x0000000000000422       0x2d ./Drivers/STM32F1xx_HAL_Driver/Src/stm32f1xx_hal_uart.o
 .ARM.attributes
                0x000000000000044f       0x2d c:/trung main/231/microprocessor and microcontroller/lab/stm32cubeide_1.7.0/stm32cubeide/plugins/com.st.stm32cube.ide.mcu.externaltools.gnu-tools-for-stm32.9-2020-q2-update.win32_2.0.0.202105311346/tools/bin/../lib/gcc/arm-none-eabi/9.3.1/../../../../arm-none-eabi/lib/thumb/v7-m/nofp\libc_nano.a(lib_a-errno.o)
 .ARM.attributes
                0x000000000000047c       0x2d c:/trung main/231/microprocessor and microcontroller/lab/stm32cubeide_1.7.0/stm32cubeide/plugins/com.st.stm32cube.ide.mcu.externaltools.gnu-tools-for-stm32.9-2020-q2-update.win32_2.0.0.202105311346/tools/bin/../lib/gcc/arm-none-eabi/9.3.1/../../../../arm-none-eabi/lib/thumb/v7-m/nofp\libc_nano.a(lib_a-impure.o)
 .ARM.attributes
                0x00000000000004a9       0x2d c:/trung main/231/microprocessor and microcontroller/lab/stm32cubeide_1.7.0/stm32cubeide/plugins/com.st.stm32cube.ide.mcu.externaltools.gnu-tools-for-stm32.9-2020-q2-update.win32_2.0.0.202105311346/tools/bin/../lib/gcc/arm-none-eabi/9.3.1/../../../../arm-none-eabi/lib/thumb/v7-m/nofp\libc_nano.a(lib_a-init.o)
 .ARM.attributes
                0x00000000000004d6       0x2d c:/trung main/231/microprocessor and microcontroller/lab/stm32cubeide_1.7.0/stm32cubeide/plugins/com.st.stm32cube.ide.mcu.externaltools.gnu-tools-for-stm32.9-2020-q2-update.win32_2.0.0.202105311346/tools/bin/../lib/gcc/arm-none-eabi/9.3.1/../../../../arm-none-eabi/lib/thumb/v7-m/nofp\libc_nano.a(lib_a-memset.o)
 .ARM.attributes
                0x0000000000000503       0x2d c:/trung main/231/microprocessor and microcontroller/lab/stm32cubeide_1.7.0/stm32cubeide/plugins/com.st.stm32cube.ide.mcu.externaltools.gnu-tools-for-stm32.9-2020-q2-update.win32_2.0.0.202105311346/tools/bin/../lib/gcc/arm-none-eabi/9.3.1/../../../../arm-none-eabi/lib/thumb/v7-m/nofp\libc_nano.a(lib_a-sprintf.o)
 .ARM.attributes
                0x0000000000000530       0x2d c:/trung main/231/microprocessor and microcontroller/lab/stm32cubeide_1.7.0/stm32cubeide/plugins/com.st.stm32cube.ide.mcu.externaltools.gnu-tools-for-stm32.9-2020-q2-update.win32_2.0.0.202105311346/tools/bin/../lib/gcc/arm-none-eabi/9.3.1/../../../../arm-none-eabi/lib/thumb/v7-m/nofp\libc_nano.a(lib_a-nano-svfprintf.o)
 .ARM.attributes
                0x000000000000055d       0x2d c:/trung main/231/microprocessor and microcontroller/lab/stm32cubeide_1.7.0/stm32cubeide/plugins/com.st.stm32cube.ide.mcu.externaltools.gnu-tools-for-stm32.9-2020-q2-update.win32_2.0.0.202105311346/tools/bin/../lib/gcc/arm-none-eabi/9.3.1/../../../../arm-none-eabi/lib/thumb/v7-m/nofp\libc_nano.a(lib_a-nano-vfprintf_i.o)
 .ARM.attributes
                0x000000000000058a       0x2d c:/trung main/231/microprocessor and microcontroller/lab/stm32cubeide_1.7.0/stm32cubeide/plugins/com.st.stm32cube.ide.mcu.externaltools.gnu-tools-for-stm32.9-2020-q2-update.win32_2.0.0.202105311346/tools/bin/../lib/gcc/arm-none-eabi/9.3.1/../../../../arm-none-eabi/lib/thumb/v7-m/nofp\libc_nano.a(lib_a-memchr-stub.o)
 .ARM.attributes
                0x00000000000005b7       0x2d c:/trung main/231/microprocessor and microcontroller/lab/stm32cubeide_1.7.0/stm32cubeide/plugins/com.st.stm32cube.ide.mcu.externaltools.gnu-tools-for-stm32.9-2020-q2-update.win32_2.0.0.202105311346/tools/bin/../lib/gcc/arm-none-eabi/9.3.1/../../../../arm-none-eabi/lib/thumb/v7-m/nofp\libc_nano.a(lib_a-memcpy-stub.o)
 .ARM.attributes
                0x00000000000005e4       0x2d c:/trung main/231/microprocessor and microcontroller/lab/stm32cubeide_1.7.0/stm32cubeide/plugins/com.st.stm32cube.ide.mcu.externaltools.gnu-tools-for-stm32.9-2020-q2-update.win32_2.0.0.202105311346/tools/bin/../lib/gcc/arm-none-eabi/9.3.1/../../../../arm-none-eabi/lib/thumb/v7-m/nofp\libc_nano.a(lib_a-memmove.o)
 .ARM.attributes
                0x0000000000000611       0x2d c:/trung main/231/microprocessor and microcontroller/lab/stm32cubeide_1.7.0/stm32cubeide/plugins/com.st.stm32cube.ide.mcu.externaltools.gnu-tools-for-stm32.9-2020-q2-update.win32_2.0.0.202105311346/tools/bin/../lib/gcc/arm-none-eabi/9.3.1/../../../../arm-none-eabi/lib/thumb/v7-m/nofp\libc_nano.a(lib_a-nano-freer.o)
 .ARM.attributes
                0x000000000000063e       0x2d c:/trung main/231/microprocessor and microcontroller/lab/stm32cubeide_1.7.0/stm32cubeide/plugins/com.st.stm32cube.ide.mcu.externaltools.gnu-tools-for-stm32.9-2020-q2-update.win32_2.0.0.202105311346/tools/bin/../lib/gcc/arm-none-eabi/9.3.1/../../../../arm-none-eabi/lib/thumb/v7-m/nofp\libc_nano.a(lib_a-nano-mallocr.o)
 .ARM.attributes
                0x000000000000066b       0x2d c:/trung main/231/microprocessor and microcontroller/lab/stm32cubeide_1.7.0/stm32cubeide/plugins/com.st.stm32cube.ide.mcu.externaltools.gnu-tools-for-stm32.9-2020-q2-update.win32_2.0.0.202105311346/tools/bin/../lib/gcc/arm-none-eabi/9.3.1/../../../../arm-none-eabi/lib/thumb/v7-m/nofp\libc_nano.a(lib_a-nano-reallocr.o)
 .ARM.attributes
                0x0000000000000698       0x2d c:/trung main/231/microprocessor and microcontroller/lab/stm32cubeide_1.7.0/stm32cubeide/plugins/com.st.stm32cube.ide.mcu.externaltools.gnu-tools-for-stm32.9-2020-q2-update.win32_2.0.0.202105311346/tools/bin/../lib/gcc/arm-none-eabi/9.3.1/../../../../arm-none-eabi/lib/thumb/v7-m/nofp\libc_nano.a(lib_a-sbrkr.o)
 .ARM.attributes
                0x00000000000006c5       0x2d c:/trung main/231/microprocessor and microcontroller/lab/stm32cubeide_1.7.0/stm32cubeide/plugins/com.st.stm32cube.ide.mcu.externaltools.gnu-tools-for-stm32.9-2020-q2-update.win32_2.0.0.202105311346/tools/bin/../lib/gcc/arm-none-eabi/9.3.1/../../../../arm-none-eabi/lib/thumb/v7-m/nofp\libc_nano.a(lib_a-mlock.o)
 .ARM.attributes
                0x00000000000006f2       0x2d c:/trung main/231/microprocessor and microcontroller/lab/stm32cubeide_1.7.0/stm32cubeide/plugins/com.st.stm32cube.ide.mcu.externaltools.gnu-tools-for-stm32.9-2020-q2-update.win32_2.0.0.202105311346/tools/bin/../lib/gcc/arm-none-eabi/9.3.1/../../../../arm-none-eabi/lib/thumb/v7-m/nofp\libc_nano.a(lib_a-nano-msizer.o)
 .ARM.attributes
                0x000000000000071f       0x2d c:/trung main/231/microprocessor and microcontroller/lab/stm32cubeide_1.7.0/stm32cubeide/plugins/com.st.stm32cube.ide.mcu.externaltools.gnu-tools-for-stm32.9-2020-q2-update.win32_2.0.0.202105311346/tools/bin/../lib/gcc/arm-none-eabi/9.3.1/../../../../arm-none-eabi/lib/thumb/v7-m/nofp\libc_nano.a(lib_a-reent.o)
 .ARM.attributes
                0x000000000000074c       0x2d c:/trung main/231/microprocessor and microcontroller/lab/stm32cubeide_1.7.0/stm32cubeide/plugins/com.st.stm32cube.ide.mcu.externaltools.gnu-tools-for-stm32.9-2020-q2-update.win32_2.0.0.202105311346/tools/bin/../lib/gcc/arm-none-eabi/9.3.1/../../../../arm-none-eabi/lib/thumb/v7-m/nofp\libc_nano.a(lib_a-lock.o)
 .ARM.attributes
                0x0000000000000779       0x1d c:/trung main/231/microprocessor and microcontroller/lab/stm32cubeide_1.7.0/stm32cubeide/plugins/com.st.stm32cube.ide.mcu.externaltools.gnu-tools-for-stm32.9-2020-q2-update.win32_2.0.0.202105311346/tools/bin/../lib/gcc/arm-none-eabi/9.3.1/thumb/v7-m/nofp/crtn.o
OUTPUT(MCU_Assignment.elf elf32-littlearm)
LOAD linker stubs
LOAD c:/trung main/231/microprocessor and microcontroller/lab/stm32cubeide_1.7.0/stm32cubeide/plugins/com.st.stm32cube.ide.mcu.externaltools.gnu-tools-for-stm32.9-2020-q2-update.win32_2.0.0.202105311346/tools/bin/../lib/gcc/arm-none-eabi/9.3.1/../../../../arm-none-eabi/lib/thumb/v7-m/nofp\libc.a
LOAD c:/trung main/231/microprocessor and microcontroller/lab/stm32cubeide_1.7.0/stm32cubeide/plugins/com.st.stm32cube.ide.mcu.externaltools.gnu-tools-for-stm32.9-2020-q2-update.win32_2.0.0.202105311346/tools/bin/../lib/gcc/arm-none-eabi/9.3.1/../../../../arm-none-eabi/lib/thumb/v7-m/nofp\libm.a
LOAD c:/trung main/231/microprocessor and microcontroller/lab/stm32cubeide_1.7.0/stm32cubeide/plugins/com.st.stm32cube.ide.mcu.externaltools.gnu-tools-for-stm32.9-2020-q2-update.win32_2.0.0.202105311346/tools/bin/../lib/gcc/arm-none-eabi/9.3.1/thumb/v7-m/nofp\libgcc.a

.debug_info     0x0000000000000000    0x10e98
 .debug_info    0x0000000000000000      0x397 ./Core/Src/button.o
 .debug_info    0x0000000000000397      0x3af ./Core/Src/fsm_automatic.o
 .debug_info    0x0000000000000746      0x381 ./Core/Src/fsm_manual.o
 .debug_info    0x0000000000000ac7      0x2a4 ./Core/Src/fsm_pedestrian.o
 .debug_info    0x0000000000000d6b      0x3f0 ./Core/Src/fsm_tuning.o
 .debug_info    0x000000000000115b      0x2c2 ./Core/Src/global.o
 .debug_info    0x000000000000141d     0x1900 ./Core/Src/main.o
 .debug_info    0x0000000000002d1d      0xa47 ./Core/Src/myLib.o
 .debug_info    0x0000000000003764      0x155 ./Core/Src/software_timer.o
 .debug_info    0x00000000000038b9      0xe61 ./Core/Src/stm32f1xx_hal_msp.o
 .debug_info    0x000000000000471a      0xa69 ./Core/Src/stm32f1xx_it.o
 .debug_info    0x0000000000005183      0xa25 ./Core/Src/sysmem.o
 .debug_info    0x0000000000005ba8      0x2be ./Core/Src/system_stm32f1xx.o
 .debug_info    0x0000000000005e66     0x1193 ./Core/Src/uart.o
 .debug_info    0x0000000000006ff9       0x22 ./Core/Startup/startup_stm32f103rbtx.o
 .debug_info    0x000000000000701b      0x76a ./Drivers/STM32F1xx_HAL_Driver/Src/stm32f1xx_hal.o
 .debug_info    0x0000000000007785      0xbdc ./Drivers/STM32F1xx_HAL_Driver/Src/stm32f1xx_hal_cortex.o
 .debug_info    0x0000000000008361      0x823 ./Drivers/STM32F1xx_HAL_Driver/Src/stm32f1xx_hal_dma.o
 .debug_info    0x0000000000008b84      0x701 ./Drivers/STM32F1xx_HAL_Driver/Src/stm32f1xx_hal_gpio.o
 .debug_info    0x0000000000009285      0x893 ./Drivers/STM32F1xx_HAL_Driver/Src/stm32f1xx_hal_rcc.o
 .debug_info    0x0000000000009b18     0x2c12 ./Drivers/STM32F1xx_HAL_Driver/Src/stm32f1xx_hal_tim.o
 .debug_info    0x000000000000c72a     0x157f ./Drivers/STM32F1xx_HAL_Driver/Src/stm32f1xx_hal_tim_ex.o
 .debug_info    0x000000000000dca9     0x31ef ./Drivers/STM32F1xx_HAL_Driver/Src/stm32f1xx_hal_uart.o

.debug_abbrev   0x0000000000000000     0x2854
 .debug_abbrev  0x0000000000000000      0x190 ./Core/Src/button.o
 .debug_abbrev  0x0000000000000190      0x131 ./Core/Src/fsm_automatic.o
 .debug_abbrev  0x00000000000002c1       0xf5 ./Core/Src/fsm_manual.o
 .debug_abbrev  0x00000000000003b6       0xc9 ./Core/Src/fsm_pedestrian.o
 .debug_abbrev  0x000000000000047f      0x151 ./Core/Src/fsm_tuning.o
 .debug_abbrev  0x00000000000005d0       0xbc ./Core/Src/global.o
 .debug_abbrev  0x000000000000068c      0x31b ./Core/Src/main.o
 .debug_abbrev  0x00000000000009a7      0x1c8 ./Core/Src/myLib.o
 .debug_abbrev  0x0000000000000b6f       0xe2 ./Core/Src/software_timer.o
 .debug_abbrev  0x0000000000000c51      0x1c8 ./Core/Src/stm32f1xx_hal_msp.o
 .debug_abbrev  0x0000000000000e19      0x176 ./Core/Src/stm32f1xx_it.o
 .debug_abbrev  0x0000000000000f8f      0x1bf ./Core/Src/sysmem.o
 .debug_abbrev  0x000000000000114e      0x14e ./Core/Src/system_stm32f1xx.o
 .debug_abbrev  0x000000000000129c      0x274 ./Core/Src/uart.o
 .debug_abbrev  0x0000000000001510       0x12 ./Core/Startup/startup_stm32f103rbtx.o
 .debug_abbrev  0x0000000000001522      0x1ed ./Drivers/STM32F1xx_HAL_Driver/Src/stm32f1xx_hal.o
 .debug_abbrev  0x000000000000170f      0x313 ./Drivers/STM32F1xx_HAL_Driver/Src/stm32f1xx_hal_cortex.o
 .debug_abbrev  0x0000000000001a22      0x228 ./Drivers/STM32F1xx_HAL_Driver/Src/stm32f1xx_hal_dma.o
 .debug_abbrev  0x0000000000001c4a      0x1e8 ./Drivers/STM32F1xx_HAL_Driver/Src/stm32f1xx_hal_gpio.o
 .debug_abbrev  0x0000000000001e32      0x273 ./Drivers/STM32F1xx_HAL_Driver/Src/stm32f1xx_hal_rcc.o
 .debug_abbrev  0x00000000000020a5      0x25e ./Drivers/STM32F1xx_HAL_Driver/Src/stm32f1xx_hal_tim.o
 .debug_abbrev  0x0000000000002303      0x266 ./Drivers/STM32F1xx_HAL_Driver/Src/stm32f1xx_hal_tim_ex.o
 .debug_abbrev  0x0000000000002569      0x2eb ./Drivers/STM32F1xx_HAL_Driver/Src/stm32f1xx_hal_uart.o

.debug_aranges  0x0000000000000000      0xe08
 .debug_aranges
                0x0000000000000000       0x30 ./Core/Src/button.o
 .debug_aranges
                0x0000000000000030       0x48 ./Core/Src/fsm_automatic.o
 .debug_aranges
                0x0000000000000078       0x20 ./Core/Src/fsm_manual.o
 .debug_aranges
                0x0000000000000098       0x20 ./Core/Src/fsm_pedestrian.o
 .debug_aranges
                0x00000000000000b8       0x20 ./Core/Src/fsm_tuning.o
 .debug_aranges
                0x00000000000000d8       0x18 ./Core/Src/global.o
 .debug_aranges
                0x00000000000000f0       0x60 ./Core/Src/main.o
 .debug_aranges
                0x0000000000000150       0x90 ./Core/Src/myLib.o
 .debug_aranges
                0x00000000000001e0       0x30 ./Core/Src/software_timer.o
 .debug_aranges
                0x0000000000000210       0x48 ./Core/Src/stm32f1xx_hal_msp.o
 .debug_aranges
                0x0000000000000258       0x78 ./Core/Src/stm32f1xx_it.o
 .debug_aranges
                0x00000000000002d0       0x20 ./Core/Src/sysmem.o
 .debug_aranges
                0x00000000000002f0       0x28 ./Core/Src/system_stm32f1xx.o
 .debug_aranges
                0x0000000000000318       0x40 ./Core/Src/uart.o
 .debug_aranges
                0x0000000000000358       0x28 ./Core/Startup/startup_stm32f103rbtx.o
 .debug_aranges
                0x0000000000000380       0xe0 ./Drivers/STM32F1xx_HAL_Driver/Src/stm32f1xx_hal.o
 .debug_aranges
                0x0000000000000460      0x100 ./Drivers/STM32F1xx_HAL_Driver/Src/stm32f1xx_hal_cortex.o
 .debug_aranges
                0x0000000000000560       0x80 ./Drivers/STM32F1xx_HAL_Driver/Src/stm32f1xx_hal_dma.o
 .debug_aranges
                0x00000000000005e0       0x58 ./Drivers/STM32F1xx_HAL_Driver/Src/stm32f1xx_hal_gpio.o
 .debug_aranges
                0x0000000000000638       0x90 ./Drivers/STM32F1xx_HAL_Driver/Src/stm32f1xx_hal_rcc.o
 .debug_aranges
                0x00000000000006c8      0x3d0 ./Drivers/STM32F1xx_HAL_Driver/Src/stm32f1xx_hal_tim.o
 .debug_aranges
                0x0000000000000a98      0x168 ./Drivers/STM32F1xx_HAL_Driver/Src/stm32f1xx_hal_tim_ex.o
 .debug_aranges
                0x0000000000000c00      0x208 ./Drivers/STM32F1xx_HAL_Driver/Src/stm32f1xx_hal_uart.o

.debug_ranges   0x0000000000000000      0xcc8
 .debug_ranges  0x0000000000000000       0x20 ./Core/Src/button.o
 .debug_ranges  0x0000000000000020       0x38 ./Core/Src/fsm_automatic.o
 .debug_ranges  0x0000000000000058       0x10 ./Core/Src/fsm_manual.o
 .debug_ranges  0x0000000000000068       0x10 ./Core/Src/fsm_pedestrian.o
 .debug_ranges  0x0000000000000078       0x10 ./Core/Src/fsm_tuning.o
 .debug_ranges  0x0000000000000088       0x50 ./Core/Src/main.o
 .debug_ranges  0x00000000000000d8       0x80 ./Core/Src/myLib.o
 .debug_ranges  0x0000000000000158       0x20 ./Core/Src/software_timer.o
 .debug_ranges  0x0000000000000178       0x38 ./Core/Src/stm32f1xx_hal_msp.o
 .debug_ranges  0x00000000000001b0       0x68 ./Core/Src/stm32f1xx_it.o
 .debug_ranges  0x0000000000000218       0x10 ./Core/Src/sysmem.o
 .debug_ranges  0x0000000000000228       0x18 ./Core/Src/system_stm32f1xx.o
 .debug_ranges  0x0000000000000240       0x30 ./Core/Src/uart.o
 .debug_ranges  0x0000000000000270       0x20 ./Core/Startup/startup_stm32f103rbtx.o
 .debug_ranges  0x0000000000000290       0xd0 ./Drivers/STM32F1xx_HAL_Driver/Src/stm32f1xx_hal.o
 .debug_ranges  0x0000000000000360       0xf0 ./Drivers/STM32F1xx_HAL_Driver/Src/stm32f1xx_hal_cortex.o
 .debug_ranges  0x0000000000000450       0x70 ./Drivers/STM32F1xx_HAL_Driver/Src/stm32f1xx_hal_dma.o
 .debug_ranges  0x00000000000004c0       0x48 ./Drivers/STM32F1xx_HAL_Driver/Src/stm32f1xx_hal_gpio.o
 .debug_ranges  0x0000000000000508       0x80 ./Drivers/STM32F1xx_HAL_Driver/Src/stm32f1xx_hal_rcc.o
 .debug_ranges  0x0000000000000588      0x3c0 ./Drivers/STM32F1xx_HAL_Driver/Src/stm32f1xx_hal_tim.o
 .debug_ranges  0x0000000000000948      0x158 ./Drivers/STM32F1xx_HAL_Driver/Src/stm32f1xx_hal_tim_ex.o
 .debug_ranges  0x0000000000000aa0      0x228 ./Drivers/STM32F1xx_HAL_Driver/Src/stm32f1xx_hal_uart.o

.debug_macro    0x0000000000000000    0x18e38
 .debug_macro   0x0000000000000000      0x1c1 ./Core/Src/button.o
 .debug_macro   0x00000000000001c1      0xa9c ./Core/Src/button.o
 .debug_macro   0x0000000000000c5d      0x21b ./Core/Src/button.o
 .debug_macro   0x0000000000000e78       0x2e ./Core/Src/button.o
 .debug_macro   0x0000000000000ea6       0x22 ./Core/Src/button.o
 .debug_macro   0x0000000000000ec8       0x22 ./Core/Src/button.o
 .debug_macro   0x0000000000000eea       0x8e ./Core/Src/button.o
 .debug_macro   0x0000000000000f78       0x51 ./Core/Src/button.o
 .debug_macro   0x0000000000000fc9      0x103 ./Core/Src/button.o
 .debug_macro   0x00000000000010cc       0x6a ./Core/Src/button.o
 .debug_macro   0x0000000000001136      0x1df ./Core/Src/button.o
 .debug_macro   0x0000000000001315       0x1c ./Core/Src/button.o
 .debug_macro   0x0000000000001331       0x22 ./Core/Src/button.o
 .debug_macro   0x0000000000001353       0xc3 ./Core/Src/button.o
 .debug_macro   0x0000000000001416      0xd23 ./Core/Src/button.o
 .debug_macro   0x0000000000002139     0xe09e ./Core/Src/button.o
 .debug_macro   0x00000000000101d7       0x6d ./Core/Src/button.o
 .debug_macro   0x0000000000010244     0x348d ./Core/Src/button.o
 .debug_macro   0x00000000000136d1      0x174 ./Core/Src/button.o
 .debug_macro   0x0000000000013845       0x5c ./Core/Src/button.o
 .debug_macro   0x00000000000138a1      0x5bc ./Core/Src/button.o
 .debug_macro   0x0000000000013e5d      0x289 ./Core/Src/button.o
 .debug_macro   0x00000000000140e6      0x1cb ./Core/Src/button.o
 .debug_macro   0x00000000000142b1      0x114 ./Core/Src/button.o
 .debug_macro   0x00000000000143c5      0x1b2 ./Core/Src/button.o
 .debug_macro   0x0000000000014577       0x27 ./Core/Src/button.o
 .debug_macro   0x000000000001459e      0x136 ./Core/Src/button.o
 .debug_macro   0x00000000000146d4      0x1bc ./Core/Src/button.o
 .debug_macro   0x0000000000014890       0x34 ./Core/Src/button.o
 .debug_macro   0x00000000000148c4       0x3c ./Core/Src/button.o
 .debug_macro   0x0000000000014900       0x57 ./Core/Src/button.o
 .debug_macro   0x0000000000014957       0x87 ./Core/Src/button.o
 .debug_macro   0x00000000000149de      0x240 ./Core/Src/button.o
 .debug_macro   0x0000000000014c1e      0x140 ./Core/Src/button.o
 .debug_macro   0x0000000000014d5e      0x8ed ./Core/Src/button.o
 .debug_macro   0x000000000001564b      0x28e ./Core/Src/button.o
 .debug_macro   0x00000000000158d9       0x83 ./Core/Src/button.o
 .debug_macro   0x000000000001595c       0x88 ./Core/Src/button.o
 .debug_macro   0x00000000000159e4       0x1c ./Core/Src/button.o
 .debug_macro   0x0000000000015a00      0x1f3 ./Core/Src/fsm_automatic.o
 .debug_macro   0x0000000000015bf3       0x10 ./Core/Src/fsm_automatic.o
 .debug_macro   0x0000000000015c03       0x64 ./Core/Src/fsm_automatic.o
 .debug_macro   0x0000000000015c67      0x1f3 ./Core/Src/fsm_manual.o
 .debug_macro   0x0000000000015e5a      0x1ed ./Core/Src/fsm_pedestrian.o
 .debug_macro   0x0000000000016047      0x1f3 ./Core/Src/fsm_tuning.o
 .debug_macro   0x000000000001623a      0x1e9 ./Core/Src/global.o
 .debug_macro   0x0000000000016423      0x380 ./Core/Src/main.o
 .debug_macro   0x00000000000167a3       0x10 ./Core/Src/main.o
 .debug_macro   0x00000000000167b3       0x52 ./Core/Src/main.o
 .debug_macro   0x0000000000016805       0x18 ./Core/Src/main.o
 .debug_macro   0x000000000001681d       0x3c ./Core/Src/main.o
 .debug_macro   0x0000000000016859       0x34 ./Core/Src/main.o
 .debug_macro   0x000000000001688d       0x16 ./Core/Src/main.o
 .debug_macro   0x00000000000168a3       0x35 ./Core/Src/main.o
 .debug_macro   0x00000000000168d8      0x333 ./Core/Src/main.o
 .debug_macro   0x0000000000016c0b       0x10 ./Core/Src/main.o
 .debug_macro   0x0000000000016c1b       0x16 ./Core/Src/main.o
 .debug_macro   0x0000000000016c31       0x43 ./Core/Src/main.o
 .debug_macro   0x0000000000016c74       0x34 ./Core/Src/main.o
 .debug_macro   0x0000000000016ca8       0x10 ./Core/Src/main.o
 .debug_macro   0x0000000000016cb8       0x58 ./Core/Src/main.o
 .debug_macro   0x0000000000016d10       0x71 ./Core/Src/main.o
 .debug_macro   0x0000000000016d81       0x1c ./Core/Src/main.o
 .debug_macro   0x0000000000016d9d      0x12a ./Core/Src/main.o
 .debug_macro   0x0000000000016ec7       0x10 ./Core/Src/main.o
 .debug_macro   0x0000000000016ed7       0x1c ./Core/Src/main.o
 .debug_macro   0x0000000000016ef3       0x52 ./Core/Src/main.o
 .debug_macro   0x0000000000016f45       0x22 ./Core/Src/main.o
 .debug_macro   0x0000000000016f67       0x10 ./Core/Src/main.o
 .debug_macro   0x0000000000016f77       0x40 ./Core/Src/main.o
 .debug_macro   0x0000000000016fb7       0xd5 ./Core/Src/main.o
 .debug_macro   0x000000000001708c       0x1c ./Core/Src/main.o
 .debug_macro   0x00000000000170a8       0x3d ./Core/Src/main.o
 .debug_macro   0x00000000000170e5       0x16 ./Core/Src/main.o
 .debug_macro   0x00000000000170fb      0x145 ./Core/Src/main.o
 .debug_macro   0x0000000000017240       0x28 ./Core/Src/main.o
 .debug_macro   0x0000000000017268      0x1e7 ./Core/Src/myLib.o
 .debug_macro   0x000000000001744f       0x22 ./Core/Src/myLib.o
 .debug_macro   0x0000000000017471       0x73 ./Core/Src/software_timer.o
 .debug_macro   0x00000000000174e4      0x1b2 ./Core/Src/stm32f1xx_hal_msp.o
 .debug_macro   0x0000000000017696      0x1bc ./Core/Src/stm32f1xx_it.o
 .debug_macro   0x0000000000017852       0xff ./Core/Src/sysmem.o
 .debug_macro   0x0000000000017951      0x23b ./Core/Src/sysmem.o
 .debug_macro   0x0000000000017b8c      0x1a3 ./Core/Src/system_stm32f1xx.o
 .debug_macro   0x0000000000017d2f      0x34e ./Core/Src/uart.o
 .debug_macro   0x000000000001807d      0x1c7 ./Drivers/STM32F1xx_HAL_Driver/Src/stm32f1xx_hal.o
 .debug_macro   0x0000000000018244      0x1a3 ./Drivers/STM32F1xx_HAL_Driver/Src/stm32f1xx_hal_cortex.o
 .debug_macro   0x00000000000183e7      0x1a3 ./Drivers/STM32F1xx_HAL_Driver/Src/stm32f1xx_hal_dma.o
 .debug_macro   0x000000000001858a      0x20e ./Drivers/STM32F1xx_HAL_Driver/Src/stm32f1xx_hal_gpio.o
 .debug_macro   0x0000000000018798      0x1b5 ./Drivers/STM32F1xx_HAL_Driver/Src/stm32f1xx_hal_rcc.o
 .debug_macro   0x000000000001894d      0x1a4 ./Drivers/STM32F1xx_HAL_Driver/Src/stm32f1xx_hal_tim.o
 .debug_macro   0x0000000000018af1      0x1a3 ./Drivers/STM32F1xx_HAL_Driver/Src/stm32f1xx_hal_tim_ex.o
 .debug_macro   0x0000000000018c94      0x1a4 ./Drivers/STM32F1xx_HAL_Driver/Src/stm32f1xx_hal_uart.o

.debug_line     0x0000000000000000    0x134b5
 .debug_line    0x0000000000000000      0x86d ./Core/Src/button.o
 .debug_line    0x000000000000086d      0x9c5 ./Core/Src/fsm_automatic.o
 .debug_line    0x0000000000001232      0x8a4 ./Core/Src/fsm_manual.o
 .debug_line    0x0000000000001ad6      0x878 ./Core/Src/fsm_pedestrian.o
 .debug_line    0x000000000000234e      0x912 ./Core/Src/fsm_tuning.o
 .debug_line    0x0000000000002c60      0x7e9 ./Core/Src/global.o
 .debug_line    0x0000000000003449      0xc8d ./Core/Src/main.o
 .debug_line    0x00000000000040d6      0x9ba ./Core/Src/myLib.o
 .debug_line    0x0000000000004a90      0x55f ./Core/Src/software_timer.o
 .debug_line    0x0000000000004fef      0x8b6 ./Core/Src/stm32f1xx_hal_msp.o
 .debug_line    0x00000000000058a5      0x8e0 ./Core/Src/stm32f1xx_it.o
 .debug_line    0x0000000000006185      0x684 ./Core/Src/sysmem.o
 .debug_line    0x0000000000006809      0x854 ./Core/Src/system_stm32f1xx.o
 .debug_line    0x000000000000705d      0xbde ./Core/Src/uart.o
 .debug_line    0x0000000000007c3b       0x86 ./Core/Startup/startup_stm32f103rbtx.o
 .debug_line    0x0000000000007cc1      0xa81 ./Drivers/STM32F1xx_HAL_Driver/Src/stm32f1xx_hal.o
 .debug_line    0x0000000000008742      0xc69 ./Drivers/STM32F1xx_HAL_Driver/Src/stm32f1xx_hal_cortex.o
 .debug_line    0x00000000000093ab      0xeda ./Drivers/STM32F1xx_HAL_Driver/Src/stm32f1xx_hal_dma.o
 .debug_line    0x000000000000a285      0xb1a ./Drivers/STM32F1xx_HAL_Driver/Src/stm32f1xx_hal_gpio.o
 .debug_line    0x000000000000ad9f      0xe8d ./Drivers/STM32F1xx_HAL_Driver/Src/stm32f1xx_hal_rcc.o
 .debug_line    0x000000000000bc2c     0x3500 ./Drivers/STM32F1xx_HAL_Driver/Src/stm32f1xx_hal_tim.o
 .debug_line    0x000000000000f12c     0x19d7 ./Drivers/STM32F1xx_HAL_Driver/Src/stm32f1xx_hal_tim_ex.o
 .debug_line    0x0000000000010b03     0x29b2 ./Drivers/STM32F1xx_HAL_Driver/Src/stm32f1xx_hal_uart.o

.debug_str      0x0000000000000000    0x8b4d3
 .debug_str     0x0000000000000000    0x835e9 ./Core/Src/button.o
                                      0x8394d (size before relaxing)
 .debug_str     0x00000000000835e9      0x282 ./Core/Src/fsm_automatic.o
                                      0x83b23 (size before relaxing)
 .debug_str     0x000000000008386b       0x3b ./Core/Src/fsm_manual.o
                                      0x83acc (size before relaxing)
 .debug_str     0x00000000000838a6       0x2c ./Core/Src/fsm_pedestrian.o
                                      0x83aa6 (size before relaxing)
 .debug_str     0x00000000000838d2       0x44 ./Core/Src/fsm_tuning.o
                                      0x83af2 (size before relaxing)
 .debug_str     0x0000000000083916       0x15 ./Core/Src/global.o
                                      0x83a8f (size before relaxing)
 .debug_str     0x000000000008392b     0x4a5a ./Core/Src/main.o
                                      0x88694 (size before relaxing)
 .debug_str     0x0000000000088385       0xca ./Core/Src/myLib.o
                                      0x8401b (size before relaxing)
 .debug_str     0x000000000008844f       0x4f ./Core/Src/software_timer.o
                                       0x3d3d (size before relaxing)
 .debug_str     0x000000000008849e      0x32c ./Core/Src/stm32f1xx_hal_msp.o
                                      0x842d7 (size before relaxing)
 .debug_str     0x00000000000887ca       0xef ./Core/Src/stm32f1xx_it.o
                                      0x83fa8 (size before relaxing)
 .debug_str     0x00000000000888b9      0x4e9 ./Core/Src/sysmem.o
                                       0x627b (size before relaxing)
 .debug_str     0x0000000000088da2       0x52 ./Core/Src/system_stm32f1xx.o
                                      0x836d3 (size before relaxing)
 .debug_str     0x0000000000088df4       0x7a ./Core/Src/uart.o
                                      0x8803d (size before relaxing)
 .debug_str     0x0000000000088e6e       0x6c ./Core/Startup/startup_stm32f103rbtx.o
 .debug_str     0x0000000000088eda      0x304 ./Drivers/STM32F1xx_HAL_Driver/Src/stm32f1xx_hal.o
                                      0x83d64 (size before relaxing)
 .debug_str     0x00000000000891de      0x300 ./Drivers/STM32F1xx_HAL_Driver/Src/stm32f1xx_hal_cortex.o
                                      0x83d6c (size before relaxing)
 .debug_str     0x00000000000894de      0x230 ./Drivers/STM32F1xx_HAL_Driver/Src/stm32f1xx_hal_dma.o
                                      0x83aae (size before relaxing)
 .debug_str     0x000000000008970e      0x31f ./Drivers/STM32F1xx_HAL_Driver/Src/stm32f1xx_hal_gpio.o
                                      0x83a97 (size before relaxing)
 .debug_str     0x0000000000089a2d      0x24f ./Drivers/STM32F1xx_HAL_Driver/Src/stm32f1xx_hal_rcc.o
                                      0x83ad0 (size before relaxing)
 .debug_str     0x0000000000089c7c      0xd68 ./Drivers/STM32F1xx_HAL_Driver/Src/stm32f1xx_hal_tim.o
                                      0x84aa9 (size before relaxing)
 .debug_str     0x000000000008a9e4      0x4ee ./Drivers/STM32F1xx_HAL_Driver/Src/stm32f1xx_hal_tim_ex.o
                                      0x8425a (size before relaxing)
 .debug_str     0x000000000008aed2      0x601 ./Drivers/STM32F1xx_HAL_Driver/Src/stm32f1xx_hal_uart.o
                                      0x84128 (size before relaxing)

.comment        0x0000000000000000       0x53
 .comment       0x0000000000000000       0x53 ./Core/Src/button.o
                                         0x54 (size before relaxing)
 .comment       0x0000000000000053       0x54 ./Core/Src/fsm_automatic.o
 .comment       0x0000000000000053       0x54 ./Core/Src/fsm_manual.o
 .comment       0x0000000000000053       0x54 ./Core/Src/fsm_pedestrian.o
 .comment       0x0000000000000053       0x54 ./Core/Src/fsm_tuning.o
 .comment       0x0000000000000053       0x54 ./Core/Src/global.o
 .comment       0x0000000000000053       0x54 ./Core/Src/main.o
 .comment       0x0000000000000053       0x54 ./Core/Src/myLib.o
 .comment       0x0000000000000053       0x54 ./Core/Src/software_timer.o
 .comment       0x0000000000000053       0x54 ./Core/Src/stm32f1xx_hal_msp.o
 .comment       0x0000000000000053       0x54 ./Core/Src/stm32f1xx_it.o
 .comment       0x0000000000000053       0x54 ./Core/Src/sysmem.o
 .comment       0x0000000000000053       0x54 ./Core/Src/system_stm32f1xx.o
 .comment       0x0000000000000053       0x54 ./Core/Src/uart.o
 .comment       0x0000000000000053       0x54 ./Drivers/STM32F1xx_HAL_Driver/Src/stm32f1xx_hal.o
 .comment       0x0000000000000053       0x54 ./Drivers/STM32F1xx_HAL_Driver/Src/stm32f1xx_hal_cortex.o
 .comment       0x0000000000000053       0x54 ./Drivers/STM32F1xx_HAL_Driver/Src/stm32f1xx_hal_dma.o
 .comment       0x0000000000000053       0x54 ./Drivers/STM32F1xx_HAL_Driver/Src/stm32f1xx_hal_gpio.o
 .comment       0x0000000000000053       0x54 ./Drivers/STM32F1xx_HAL_Driver/Src/stm32f1xx_hal_rcc.o
 .comment       0x0000000000000053       0x54 ./Drivers/STM32F1xx_HAL_Driver/Src/stm32f1xx_hal_tim.o
 .comment       0x0000000000000053       0x54 ./Drivers/STM32F1xx_HAL_Driver/Src/stm32f1xx_hal_tim_ex.o
 .comment       0x0000000000000053       0x54 ./Drivers/STM32F1xx_HAL_Driver/Src/stm32f1xx_hal_uart.o

.debug_frame    0x0000000000000000     0x3b14
 .debug_frame   0x0000000000000000       0x84 ./Core/Src/button.o
 .debug_frame   0x0000000000000084       0xb8 ./Core/Src/fsm_automatic.o
 .debug_frame   0x000000000000013c       0x2c ./Core/Src/fsm_manual.o
 .debug_frame   0x0000000000000168       0x2c ./Core/Src/fsm_pedestrian.o
 .debug_frame   0x0000000000000194       0x2c ./Core/Src/fsm_tuning.o
 .debug_frame   0x00000000000001c0      0x138 ./Core/Src/main.o
 .debug_frame   0x00000000000002f8      0x1c0 ./Core/Src/myLib.o
 .debug_frame   0x00000000000004b8       0x7c ./Core/Src/software_timer.o
 .debug_frame   0x0000000000000534       0xec ./Core/Src/stm32f1xx_hal_msp.o
 .debug_frame   0x0000000000000620      0x158 ./Core/Src/stm32f1xx_it.o
 .debug_frame   0x0000000000000778       0x34 ./Core/Src/sysmem.o
 .debug_frame   0x00000000000007ac       0x58 ./Core/Src/system_stm32f1xx.o
 .debug_frame   0x0000000000000804       0xa4 ./Core/Src/uart.o
 .debug_frame   0x00000000000008a8      0x334 ./Drivers/STM32F1xx_HAL_Driver/Src/stm32f1xx_hal.o
 .debug_frame   0x0000000000000bdc      0x428 ./Drivers/STM32F1xx_HAL_Driver/Src/stm32f1xx_hal_cortex.o
 .debug_frame   0x0000000000001004      0x208 ./Drivers/STM32F1xx_HAL_Driver/Src/stm32f1xx_hal_dma.o
 .debug_frame   0x000000000000120c      0x14c ./Drivers/STM32F1xx_HAL_Driver/Src/stm32f1xx_hal_gpio.o
 .debug_frame   0x0000000000001358      0x218 ./Drivers/STM32F1xx_HAL_Driver/Src/stm32f1xx_hal_rcc.o
 .debug_frame   0x0000000000001570     0x11bc ./Drivers/STM32F1xx_HAL_Driver/Src/stm32f1xx_hal_tim.o
 .debug_frame   0x000000000000272c      0x638 ./Drivers/STM32F1xx_HAL_Driver/Src/stm32f1xx_hal_tim_ex.o
 .debug_frame   0x0000000000002d64      0x944 ./Drivers/STM32F1xx_HAL_Driver/Src/stm32f1xx_hal_uart.o
 .debug_frame   0x00000000000036a8       0x20 c:/trung main/231/microprocessor and microcontroller/lab/stm32cubeide_1.7.0/stm32cubeide/plugins/com.st.stm32cube.ide.mcu.externaltools.gnu-tools-for-stm32.9-2020-q2-update.win32_2.0.0.202105311346/tools/bin/../lib/gcc/arm-none-eabi/9.3.1/../../../../arm-none-eabi/lib/thumb/v7-m/nofp\libc_nano.a(lib_a-errno.o)
 .debug_frame   0x00000000000036c8       0x2c c:/trung main/231/microprocessor and microcontroller/lab/stm32cubeide_1.7.0/stm32cubeide/plugins/com.st.stm32cube.ide.mcu.externaltools.gnu-tools-for-stm32.9-2020-q2-update.win32_2.0.0.202105311346/tools/bin/../lib/gcc/arm-none-eabi/9.3.1/../../../../arm-none-eabi/lib/thumb/v7-m/nofp\libc_nano.a(lib_a-init.o)
 .debug_frame   0x00000000000036f4       0x20 c:/trung main/231/microprocessor and microcontroller/lab/stm32cubeide_1.7.0/stm32cubeide/plugins/com.st.stm32cube.ide.mcu.externaltools.gnu-tools-for-stm32.9-2020-q2-update.win32_2.0.0.202105311346/tools/bin/../lib/gcc/arm-none-eabi/9.3.1/../../../../arm-none-eabi/lib/thumb/v7-m/nofp\libc_nano.a(lib_a-memset.o)
 .debug_frame   0x0000000000003714       0x6c c:/trung main/231/microprocessor and microcontroller/lab/stm32cubeide_1.7.0/stm32cubeide/plugins/com.st.stm32cube.ide.mcu.externaltools.gnu-tools-for-stm32.9-2020-q2-update.win32_2.0.0.202105311346/tools/bin/../lib/gcc/arm-none-eabi/9.3.1/../../../../arm-none-eabi/lib/thumb/v7-m/nofp\libc_nano.a(lib_a-sprintf.o)